Unity Editor version:    6000.2.9f1 (e0c4e791ab71)
Branch:                  6000.2/staging
Build type:              Release
Batch mode:              YES
macOS version:           Version 26.1 (Build 25B78)
Darwin version:          25.1.0
Architecture:            arm64
Running under Rosetta:   NO
Available memory:        32768 MB
Date:                    2025-12-03T20:53:51Z
[Licensing::Module] Trying to connect to existing licensing client channel...
[Licensing::IpcConnector] Successfully connected to: "LicenseClient-sophienadeau" at "2025-12-03T20:53:51.470683Z"

COMMAND LINE ARGUMENTS:
/Applications/Unity/Hub/Editor/6000.2.9f1/Unity.app/Contents/MacOS/Unity
-adb2
-batchMode
-noUpm
-name
AssetImportWorker0
-projectPath
/Users/sophienadeau/Desktop/partyGame
-logFile
Logs/AssetImportWorker0.log
-srvPort
64055
-licensingIpc
LicenseClient-sophienadeau
-job-worker-count
3
-background-job-worker-count
8
-gc-helper-count
1
-name AssetImport
Successfully changed project path to: /Users/sophienadeau/Desktop/partyGame
/Users/sophienadeau/Desktop/partyGame
[UnityMemory] Configuration Parameters - Can be set up in boot.config
    "memorysetup-allocator-temp-initial-block-size-main=262144"
    "memorysetup-allocator-temp-initial-block-size-worker=262144"
    "memorysetup-bucket-allocator-granularity=16"
    "memorysetup-bucket-allocator-bucket-count=8"
    "memorysetup-bucket-allocator-block-size=33554432"
    "memorysetup-bucket-allocator-block-count=8"
    "memorysetup-main-allocator-block-size=16777216"
    "memorysetup-thread-allocator-block-size=16777216"
    "memorysetup-gfx-main-allocator-block-size=16777216"
    "memorysetup-gfx-thread-allocator-block-size=16777216"
    "memorysetup-cache-allocator-block-size=4194304"
    "memorysetup-typetree-allocator-block-size=2097152"
    "memorysetup-profiler-bucket-allocator-granularity=16"
    "memorysetup-profiler-bucket-allocator-bucket-count=8"
    "memorysetup-profiler-bucket-allocator-block-size=33554432"
    "memorysetup-profiler-bucket-allocator-block-count=8"
    "memorysetup-profiler-allocator-block-size=16777216"
    "memorysetup-profiler-editor-allocator-block-size=1048576"
    "memorysetup-temp-allocator-size-main=16777216"
    "memorysetup-job-temp-allocator-block-size=2097152"
    "memorysetup-job-temp-allocator-block-size-background=1048576"
    "memorysetup-job-temp-allocator-reduction-small-platforms=262144"
    "memorysetup-temp-allocator-size-background-worker=32768"
    "memorysetup-temp-allocator-size-job-worker=262144"
    "memorysetup-temp-allocator-size-preload-manager=33554432"
    "memorysetup-temp-allocator-size-nav-mesh-worker=65536"
    "memorysetup-temp-allocator-size-audio-worker=65536"
    "memorysetup-temp-allocator-size-cloud-worker=32768"
    "memorysetup-temp-allocator-size-gi-baking-worker=262144"
    "memorysetup-temp-allocator-size-gi-baking-worker=262144"
    "memorysetup-temp-allocator-size-gi-baking-worker=262144"
    "memorysetup-temp-allocator-size-gi-baking-worker=262144"
    "memorysetup-temp-allocator-size-gi-baking-worker=262144"
    "memorysetup-temp-allocator-size-gfx=262144"
Player connection [8798249088]  Target information:

Player connection [8798249088]  * "[IP] 192.168.0.173 [Port] 0 [Flags] 2 [Guid] 3894687876 [EditorId] 3894687876 [Version] 1048832 [Id] OSXEditor(0,MacBook-Pro.local) [Debug] 1 [PackageName] OSXEditor [ProjectName] Editor" 

Player connection [8798249088] Host joined multi-casting on [225.0.0.222:54997]...
Player connection [8798249088] Host joined alternative multi-casting on [225.0.0.222:34997]...
JobSystem: Creating JobQueue using job-worker-count value 3
Input System module state changed to: Initialized.
[Physics::Module] Initialized fallback backend.
[Physics::Module] Id: 0xdecafbad
Library Redirect Path: Library/
[Physics::Module] Selected backend.
[Physics::Module] Name: PhysX
[Physics::Module] Id: 0xf2b8ea05
[Physics::Module] SDK Version: 4.1.2
[Physics::Module] Integration Version: 1.0.0
[Physics::Module] Threading Mode: Multi-Threaded
[Licensing::Module] Licensing is not yet initialized.
[Licensing::Client] Code 10 while verifying Licensing Client signature (process Id: 34719, path: "/Applications/Unity Hub.app/Contents/Frameworks/UnityLicensingClient_V1.app/Contents/MacOS/Unity.Licensing.Client")
[Licensing::Module] LicensingClient has failed validation; ignoring
[Licensing::Client] Handshaking with LicensingClient:
  Version:                 1.17.3+a4e98f1
  Session Id:              fb1af6f75dcd484283edccb089f87d20
  Correlation Id:          4bec0f117c3d121764f30491216c0d53
  External correlation Id: 942089934484417753
  Machine Id:              YYTuMrPckVcHDBXSDUoQax6x8L0=
[Licensing::Module] Successfully connected to LicensingClient on channel: "LicenseClient-sophienadeau" (connect: 0.00s, validation: 0.00s, handshake: 0.59s)
[Licensing::IpcConnector] Successfully connected to: "LicenseClient-sophienadeau-notifications" at "2025-12-03T20:53:52.063666Z"
[Licensing::Module] Licensing Background thread has ended after 0.59s
[Licensing::Module] Licensing is initialized (took 0.31s).
[Licensing::Client] Successfully resolved entitlement details
[Licensing::Module] License group:
  Id: F4-RSDR-WXHG-PY58-3MUB-XXXX
  Product: Unity Personal
  Type: ULF
  Expiration: Unlimited
[Licensing::Module] License group:
  Id: 3574117452597-UnityPersXXXX
  Product: Unity Personal
  Type: Assigned
  Expiration: Unlimited
Refreshing native plugins compatible for Editor in 24.07 ms, found 11 plugins.
Preloading 2 native plugins for Editor in 8.06 ms.
Initialize engine version: 6000.2.9f1 (e0c4e791ab71)
[Subsystems] Discovering subsystems at path /Applications/Unity/Hub/Editor/6000.2.9f1/Unity.app/Contents/Resources/UnitySubsystems
[Subsystems] Discovering subsystems at path /Users/sophienadeau/Desktop/partyGame/Assets
GfxDevice: creating device client; kGfxThreadingModeNonThreaded
 preferred device: Apple M1 Pro (high power)
Metal devices available: 1
0: Apple M1 Pro (high power)
Using device Apple M1 Pro (high power)
Initializing Metal device caps: Apple M1 Pro
Mac GPU Family: 2
Apple GPU Family: 7
MSL Version: 3.0
Has Float MSAA: 1
Has Float Filtering: 1
ReadWrite Texture Tier: 2
Initialize mono
Mono path[0] = '/Applications/Unity/Hub/Editor/6000.2.9f1/Unity.app/Contents/Managed'
Mono path[1] = '/Applications/Unity/Hub/Editor/6000.2.9f1/Unity.app/Contents/MonoBleedingEdge/lib/mono/unityjit-macos'
Mono config path = '/Applications/Unity/Hub/Editor/6000.2.9f1/Unity.app/Contents/MonoBleedingEdge/etc'
Using monoOptions --debugger-agent=transport=dt_socket,embedding=1,server=y,suspend=n,address=127.0.0.1:56360
Begin MonoManager ReloadAssembly
Registering precompiled unity dll's ...
Register platform support module: /Applications/Unity/Hub/Editor/6000.2.9f1/PlaybackEngines/WebGLSupport/UnityEditor.WebGL.Extensions.dll
Register platform support module: /Applications/Unity/Hub/Editor/6000.2.9f1/Unity.app/Contents/PlaybackEngines/MacStandaloneSupport/UnityEditor.OSXStandalone.Extensions.dll
Register platform support module: /Applications/Unity/Hub/Editor/6000.2.9f1/PlaybackEngines/WindowsStandaloneSupport/UnityEditor.WindowsStandalone.Extensions.dll
Register platform support module: /Applications/Unity/Hub/Editor/6000.2.9f1/PlaybackEngines/AndroidPlayer/UnityEditor.Android.Extensions.dll
Registered in 0.001168 seconds.
- Loaded All Assemblies, in  0.260 seconds
Native extension for Android target not found
Android Extension - Scanning For ADB Devices 94 ms
Native extension for WindowsStandalone target not found
Native extension for OSXStandalone target not found
Native extension for WebGL target not found
Mono: successfully reloaded assembly
- Finished resetting the current domain, in  0.435 seconds
Domain Reload Profiling: 695ms
	BeginReloadAssembly (80ms)
		ExecutionOrderSort (0ms)
		DisableScriptedObjects (0ms)
		BackupInstance (0ms)
		ReleaseScriptingObjects (0ms)
		CreateAndSetChildDomain (0ms)
	RebuildCommonClasses (24ms)
	RebuildNativeTypeToScriptingClass (10ms)
	initialDomainReloadingComplete (28ms)
	LoadAllAssembliesAndSetupDomain (118ms)
		LoadAssemblies (83ms)
		RebuildTransferFunctionScriptingTraits (0ms)
		AnalyzeDomain (113ms)
			TypeCache.Refresh (112ms)
				TypeCache.ScanAssembly (104ms)
			BuildScriptInfoCaches (0ms)
			ResolveRequiredComponents (0ms)
	FinalizeReload (435ms)
		ReleaseScriptCaches (0ms)
		RebuildScriptCaches (0ms)
		SetupLoadedEditorAssemblies (392ms)
			LogAssemblyErrors (0ms)
			InitializePlatformSupportModulesInManaged (187ms)
			SetLoadedEditorAssemblies (3ms)
			BeforeProcessingInitializeOnLoad (58ms)
			ProcessInitializeOnLoadAttributes (95ms)
			ProcessInitializeOnLoadMethodAttributes (49ms)
			AfterProcessingInitializeOnLoad (0ms)
			EditorAssembliesLoaded (0ms)
		ExecutionOrderSort2 (0ms)
		AwakeInstancesAfterBackupRestoration (0ms)
[CoreBusinessMetrics] Unexpected thread when updating session info.
[CoreBusinessMetrics] Unexpected thread when constructing MetricsHeader.
[CoreBusinessMetrics] Unexpected thread when constructing MetricsHeader.
========================================================================
Worker process is ready to serve import requests
Import Worker Mode flag is 0x00
Begin MonoManager ReloadAssembly
[Licensing::Client] Successfully resolved entitlement details
[Licensing::Module] License group:
  Id: F4-RSDR-WXHG-PY58-3MUB-XXXX
  Product: Unity Personal
  Type: ULF
  Expiration: Unlimited
[Licensing::Module] License group:
  Id: 3574117452597-UnityPersXXXX
  Product: Unity Personal
  Type: Assigned
  Expiration: Unlimited
Symbol file LoadedFromMemory is not a mono symbol file
- Loaded All Assemblies, in  0.759 seconds
Refreshing native plugins compatible for Editor in 5.50 ms, found 11 plugins.
Native extension for Android target not found
Native extension for WindowsStandalone target not found
Native extension for OSXStandalone target not found
Native extension for WebGL target not found
Refreshing native plugins compatible for Editor in 4.79 ms, found 11 plugins.
Package Manager log level set to [2]
[Package Manager] Failed to launch server process. Reason: Unity was launched with the -noUpm command-line argument
[Package Manager] Unable to send message (not connected to server process).
[Package Manager] Cannot connect to Unity Package Manager local server
[Package Manager] Failed to launch server process. Reason: Unity was launched with the -noUpm command-line argument
[Package Manager] Unable to send message (not connected to server process).
[Package Manager] Cannot connect to Unity Package Manager local server
Failed to get package versions: Cannot connect to Unity Package Manager local server
UnityEngine.Debug:ExtractStackTraceNoAlloc (byte*,int,string)
UnityEngine.StackTraceUtility:ExtractStackTrace () (at /Users/bokken/build/output/unity/unity/Runtime/Export/Scripting/StackTrace.cs:35)
UnityEngine.DebugLogHandler:Internal_Log (UnityEngine.LogType,UnityEngine.LogOption,string,UnityEngine.Object)
UnityEngine.DebugLogHandler:LogFormat (UnityEngine.LogType,UnityEngine.Object,string,object[])
UnityEngine.Logger:Log (UnityEngine.LogType,object)
UnityEngine.Debug:LogWarning (object)
Unity.XR.CoreUtils.Editor.PackageVersionUtility:UpdatePackageVersions () (at ./Library/PackageCache/com.unity.xr.core-utils@f0450cbac8d6/Editor/ProjectValidation/PackageVersionUtility.cs:59)
Unity.XR.CoreUtils.Editor.PackageVersionUtility:GetPackageVersion (string) (at ./Library/PackageCache/com.unity.xr.core-utils@f0450cbac8d6/Editor/ProjectValidation/PackageVersionUtility.cs:77)
UnityEditor.XR.Interaction.Toolkit.Samples.Hands.Editor.HandsSampleProjectValidation:.cctor () (at Assets/Samples/XR Interaction Toolkit/3.0.8/Hands Interaction Demo/Editor/Scripts/HandsSampleProjectValidation.cs:34)
System.Reflection.RuntimeMethodInfo:Invoke (object,System.Reflection.BindingFlags,System.Reflection.Binder,object[],System.Globalization.CultureInfo)
System.Reflection.MethodBase:Invoke (object,object[])
UnityEditor.EditorAssemblies:ProcessInitializeOnLoadMethodAttributes () (at /Users/bokken/build/output/unity/unity/Editor/Mono/EditorAssemblies.cs:153)

(Filename: ./Library/PackageCache/com.unity.xr.core-utils@f0450cbac8d6/Editor/ProjectValidation/PackageVersionUtility.cs Line: 59)

System.Reflection.TargetInvocationException: Exception has been thrown by the target of an invocation. ---> System.NullReferenceException: Object reference not set to an instance of an object
  at Unity.Multiplayer.Playmode.Workflow.Editor.ProjectDataStore..ctor (System.String directory) [0x0006e] in ./Library/PackageCache/com.unity.multiplayer.playmode@96fe8db2c047/Workflow/Editor/Configuration/ProjectDataStore.cs:55 
  at Unity.Multiplayer.Playmode.Workflow.Editor.ProjectDataStore.GetMain () [0x00000] in ./Library/PackageCache/com.unity.multiplayer.playmode@96fe8db2c047/Workflow/Editor/Configuration/ProjectDataStore.cs:36 
  at Unity.Multiplayer.Playmode.Workflow.Editor.WorkflowMainEditorContext..ctor (Unity.Multiplayer.Playmode.VirtualProjects.Editor.MainEditorContext mainEditorContext) [0x0002c] in ./Library/PackageCache/com.unity.multiplayer.playmode@96fe8db2c047/Workflow/Editor/Contexts/WorkflowMainEditorContext.cs:15 
  at Unity.Multiplayer.Playmode.Workflow.Editor.VirtualProjectWorkflow.InitializeMPPMContexts () [0x00018] in ./Library/PackageCache/com.unity.multiplayer.playmode@96fe8db2c047/Workflow/Editor/Workflow/VirtualProjectWorkflow.cs:204 
  at Unity.Multiplayer.Playmode.Workflow.Editor.VirtualProjectWorkflow+<>c.<.cctor>b__22_0 () [0x00036] in ./Library/PackageCache/com.unity.multiplayer.playmode@96fe8db2c047/Workflow/Editor/Workflow/VirtualProjectWorkflow.cs:85 
  at Unity.Multiplayer.Playmode.VirtualProjects.Editor.EditorContexts.SendReadyEvent () [0x00038] in ./Library/PackageCache/com.unity.multiplayer.playmode@96fe8db2c047/VirtualProjects/Editor/Contexts/EditorContexts.cs:56 
  at (wrapper managed-to-native) System.Reflection.RuntimeMethodInfo.InternalInvoke(System.Reflection.RuntimeMethodInfo,object,object[],System.Exception&)
  at System.Reflection.RuntimeMethodInfo.Invoke (System.Object obj, System.Reflection.BindingFlags invokeAttr, System.Reflection.Binder binder, System.Object[] parameters, System.Globalization.CultureInfo culture) [0x0006a] in <3c470575843b432e876313222d20c5ed>:0 
   --- End of inner exception stack trace ---
  at System.Reflection.RuntimeMethodInfo.Invoke (System.Object obj, System.Reflection.BindingFlags invokeAttr, System.Reflection.Binder binder, System.Object[] parameters, System.Globalization.CultureInfo culture) [0x00083] in <3c470575843b432e876313222d20c5ed>:0 
  at System.Reflection.MethodBase.Invoke (System.Object obj, System.Object[] parameters) [0x00000] in <3c470575843b432e876313222d20c5ed>:0 
  at UnityEditor.EditorAssemblies.ProcessInitializeOnLoadMethodAttributes () [0x00087] in /Users/bokken/build/output/unity/unity/Editor/Mono/EditorAssemblies.cs:153 
UnityEngine.Debug:ExtractStackTraceNoAlloc (byte*,int,string)
UnityEngine.StackTraceUtility:ExtractStackTrace () (at /Users/bokken/build/output/unity/unity/Runtime/Export/Scripting/StackTrace.cs:35)
UnityEngine.DebugLogHandler:Internal_Log (UnityEngine.LogType,UnityEngine.LogOption,string,UnityEngine.Object)
UnityEngine.DebugLogHandler:LogFormat (UnityEngine.LogType,UnityEngine.Object,string,object[])
UnityEngine.Logger:Log (UnityEngine.LogType,object)
UnityEngine.Debug:LogError (object)
UnityEditor.EditorAssemblies:ProcessInitializeOnLoadMethodAttributes () (at /Users/bokken/build/output/unity/unity/Editor/Mono/EditorAssemblies.cs:157)

(Filename: /Users/bokken/build/output/unity/unity/Editor/Mono/EditorAssemblies.cs Line: 157)

Mono: successfully reloaded assembly
[Package Manager] Failed to launch server process. Reason: Unity was launched with the -noUpm command-line argument
[Package Manager] Unable to send message (not connected to server process).
[Package Manager] Cannot connect to Unity Package Manager local server
[Package Manager] Failed to launch server process. Reason: Unity was launched with the -noUpm command-line argument
[Package Manager] Unable to send message (not connected to server process).
[Package Manager] Cannot connect to Unity Package Manager local server
- Finished resetting the current domain, in  1.018 seconds
Domain Reload Profiling: 1776ms
	BeginReloadAssembly (84ms)
		ExecutionOrderSort (0ms)
		DisableScriptedObjects (3ms)
		BackupInstance (0ms)
		ReleaseScriptingObjects (0ms)
		CreateAndSetChildDomain (16ms)
	RebuildCommonClasses (23ms)
	RebuildNativeTypeToScriptingClass (9ms)
	initialDomainReloadingComplete (36ms)
	LoadAllAssembliesAndSetupDomain (606ms)
		LoadAssemblies (373ms)
		RebuildTransferFunctionScriptingTraits (0ms)
		AnalyzeDomain (271ms)
			TypeCache.Refresh (193ms)
				TypeCache.ScanAssembly (172ms)
			BuildScriptInfoCaches (66ms)
			ResolveRequiredComponents (10ms)
	FinalizeReload (1018ms)
		ReleaseScriptCaches (0ms)
		RebuildScriptCaches (0ms)
		SetupLoadedEditorAssemblies (848ms)
			LogAssemblyErrors (0ms)
			InitializePlatformSupportModulesInManaged (5ms)
			SetLoadedEditorAssemblies (3ms)
			BeforeProcessingInitializeOnLoad (144ms)
			ProcessInitializeOnLoadAttributes (411ms)
			ProcessInitializeOnLoadMethodAttributes (283ms)
			AfterProcessingInitializeOnLoad (1ms)
			EditorAssembliesLoaded (0ms)
		ExecutionOrderSort2 (0ms)
		AwakeInstancesAfterBackupRestoration (2ms)
WARNING: Shader Unsupported: 'Universal Render Pipeline/VR/SpatialMapping/Wireframe' - All subshaders removed
WARNING: Shader Did you use #pragma only_renderers and omit this platform?
WARNING: Shader If subshaders removal was intentional, you may have forgotten turning Fallback off?
WARNING: Shader Unsupported: 'Universal Render Pipeline/VR/SpatialMapping/Wireframe' - All subshaders removed
WARNING: Shader Did you use #pragma only_renderers and omit this platform?
WARNING: Shader If subshaders removal was intentional, you may have forgotten turning Fallback off?
Launching external process: /Applications/Unity/Hub/Editor/6000.2.9f1/Unity.app/Contents/Tools/UnityShaderCompiler
Launched and connected shader compiler UnityShaderCompiler after 0.03 seconds
Refreshing native plugins compatible for Editor in 4.62 ms, found 11 plugins.
Preloading 2 native plugins for Editor in 5.19 ms.
Unloading 15 Unused Serialized files (Serialized files now loaded: 0)
Unloading 12575 unused Assets / (6.6 MB). Loaded Objects now: 13263.
Memory consumption went from 183.7 MB to 177.1 MB.
Total: 13.185416 ms (FindLiveObjects: 0.516834 ms CreateObjectMapping: 0.436333 ms MarkObjects: 9.308083 ms  DeleteObjects: 2.923333 ms)

========================================================================
Received Import Request.
  Time since last request: 130500.903342 seconds.
  path: Assets/AdaptationMultijoueur/Lobby.unity
  artifactKey: Guid(1a27d7470106649de82677e1bffbb05b) Importer(815301076,1909f56bfc062723c751e8b465ee728b)
Start importing Assets/AdaptationMultijoueur/Lobby.unity using Guid(1a27d7470106649de82677e1bffbb05b) Importer(815301076,1909f56bfc062723c751e8b465ee728b) (PreviewImporter) -> (artifact id: '005b6e19b67cfa9c6bad78f0967e79aa') in 0.00267975 seconds
Number of updated asset objects reloaded before import = 0Number of asset objects unloaded after import = 0

========================================================================
Received Prepare
WARNING: Shader Unsupported: 'Universal Render Pipeline/VR/SpatialMapping/Wireframe' - All subshaders removed
WARNING: Shader Did you use #pragma only_renderers and omit this platform?
WARNING: Shader If subshaders removal was intentional, you may have forgotten turning Fallback off?
WARNING: Shader Unsupported: 'Universal Render Pipeline/VR/SpatialMapping/Wireframe' - All subshaders removed
WARNING: Shader Did you use #pragma only_renderers and omit this platform?
WARNING: Shader If subshaders removal was intentional, you may have forgotten turning Fallback off?
Refreshing native plugins compatible for Editor in 5.34 ms, found 11 plugins.
Preloading 2 native plugins for Editor in 5.15 ms.
Unloading 15 Unused Serialized files (Serialized files now loaded: 0)
Unloading 12450 unused Assets / (6.1 MB). Loaded Objects now: 13252.
Memory consumption went from 180.5 MB to 174.4 MB.
Total: 13.371333 ms (FindLiveObjects: 0.517875 ms CreateObjectMapping: 0.450333 ms MarkObjects: 9.789458 ms  DeleteObjects: 2.612583 ms)

Prepare: number of updated asset objects reloaded= 1
========================================================================
Received Import Request.
  Time since last request: 189.107390 seconds.
  path: Assets/Samples/XR Interaction Toolkit/3.2.2/Hands Interaction Demo
  artifactKey: Guid(ce9374d154f0f48d8beaed6edc6ee7fa) Importer(815301076,1909f56bfc062723c751e8b465ee728b)
Start importing Assets/Samples/XR Interaction Toolkit/3.2.2/Hands Interaction Demo using Guid(ce9374d154f0f48d8beaed6edc6ee7fa) Importer(815301076,1909f56bfc062723c751e8b465ee728b) (PreviewImporter) -> (artifact id: 'c5823b6d80bd15edac7cabb14e6cdbca') in 0.000421417 seconds
Number of updated asset objects reloaded before import = 0Number of asset objects unloaded after import = 0

========================================================================
Received Prepare
[Licensing::Client] Successfully resolved entitlement details
[Licensing::Module] License group:
  Id: F4-RSDR-WXHG-PY58-3MUB-XXXX
  Product: Unity Personal
  Type: ULF
  Expiration: Unlimited
[Licensing::Module] License group:
  Id: 3574117452597-UnityPersXXXX
  Product: Unity Personal
  Type: Assigned
  Expiration: Unlimited
Assembly with name 'Unity.XR.Interaction.Toolkit.Samples.Hands' already exists (Assets/Samples/XR Interaction Toolkit/3.2.2/Hands Interaction Demo/HandsInteractionDemo.asmdef)
Assembly with name 'Unity.XR.Interaction.Toolkit.Samples.Hands' already exists (Assets/Samples/XR Interaction Toolkit/3.0.8/Hands Interaction Demo/HandsInteractionDemo.asmdef)
Assembly with name 'Unity.XR.Interaction.Toolkit.Samples.Hands.Editor' already exists (Assets/Samples/XR Interaction Toolkit/3.0.8/Hands Interaction Demo/Editor/HandsInteractionDemo.Editor.asmdef)
Assembly with name 'Unity.XR.Interaction.Toolkit.Samples.Hands.Editor' already exists (Assets/Samples/XR Interaction Toolkit/3.2.2/Hands Interaction Demo/Editor/HandsInteractionDemo.Editor.asmdef)
Assembly with name 'Unity.XR.Interaction.Toolkit.Samples.Hands' already exists (Assets/Samples/XR Interaction Toolkit/3.2.2/Hands Interaction Demo/HandsInteractionDemo.asmdef)
Assembly with name 'Unity.XR.Interaction.Toolkit.Samples.Hands' already exists (Assets/Samples/XR Interaction Toolkit/3.0.8/Hands Interaction Demo/HandsInteractionDemo.asmdef)
Assembly with name 'Unity.XR.Interaction.Toolkit.Samples.Hands.Editor' already exists (Assets/Samples/XR Interaction Toolkit/3.0.8/Hands Interaction Demo/Editor/HandsInteractionDemo.Editor.asmdef)
Assembly with name 'Unity.XR.Interaction.Toolkit.Samples.Hands.Editor' already exists (Assets/Samples/XR Interaction Toolkit/3.2.2/Hands Interaction Demo/Editor/HandsInteractionDemo.Editor.asmdef)
Begin MonoManager ReloadAssembly
[Licensing::Client] Successfully resolved entitlement details
[Licensing::Module] License group:
  Id: F4-RSDR-WXHG-PY58-3MUB-XXXX
  Product: Unity Personal
  Type: ULF
  Expiration: Unlimited
[Licensing::Module] License group:
  Id: 3574117452597-UnityPersXXXX
  Product: Unity Personal
  Type: Assigned
  Expiration: Unlimited
Thread 0x171c97000 may have been prematurely finalized
Symbol file LoadedFromMemory is not a mono symbol file
- Loaded All Assemblies, in  0.602 seconds
Assembly with name 'Unity.XR.Interaction.Toolkit.Samples.Hands' already exists (Assets/Samples/XR Interaction Toolkit/3.2.2/Hands Interaction Demo/HandsInteractionDemo.asmdef)
Assembly with name 'Unity.XR.Interaction.Toolkit.Samples.Hands' already exists (Assets/Samples/XR Interaction Toolkit/3.0.8/Hands Interaction Demo/HandsInteractionDemo.asmdef)
Assembly with name 'Unity.XR.Interaction.Toolkit.Samples.Hands.Editor' already exists (Assets/Samples/XR Interaction Toolkit/3.0.8/Hands Interaction Demo/Editor/HandsInteractionDemo.Editor.asmdef)
Assembly with name 'Unity.XR.Interaction.Toolkit.Samples.Hands.Editor' already exists (Assets/Samples/XR Interaction Toolkit/3.2.2/Hands Interaction Demo/Editor/HandsInteractionDemo.Editor.asmdef)
Refreshing native plugins compatible for Editor in 4.80 ms, found 11 plugins.
Native extension for Android target not found
Native extension for WindowsStandalone target not found
Native extension for OSXStandalone target not found
Native extension for WebGL target not found
Assembly with name 'Unity.XR.Interaction.Toolkit.Samples.Hands' already exists (Assets/Samples/XR Interaction Toolkit/3.2.2/Hands Interaction Demo/HandsInteractionDemo.asmdef)
Assembly with name 'Unity.XR.Interaction.Toolkit.Samples.Hands' already exists (Assets/Samples/XR Interaction Toolkit/3.0.8/Hands Interaction Demo/HandsInteractionDemo.asmdef)
Assembly with name 'Unity.XR.Interaction.Toolkit.Samples.Hands.Editor' already exists (Assets/Samples/XR Interaction Toolkit/3.0.8/Hands Interaction Demo/Editor/HandsInteractionDemo.Editor.asmdef)
Assembly with name 'Unity.XR.Interaction.Toolkit.Samples.Hands.Editor' already exists (Assets/Samples/XR Interaction Toolkit/3.2.2/Hands Interaction Demo/Editor/HandsInteractionDemo.Editor.asmdef)
Refreshing native plugins compatible for Editor in 4.59 ms, found 11 plugins.
[Package Manager] Failed to launch server process. Reason: Unity was launched with the -noUpm command-line argument
[Package Manager] Unable to send message (not connected to server process).
[Package Manager] Cannot connect to Unity Package Manager local server
System.Reflection.TargetInvocationException: Exception has been thrown by the target of an invocation. ---> System.NullReferenceException: Object reference not set to an instance of an object
  at Unity.Multiplayer.Playmode.Workflow.Editor.ProjectDataStore..ctor (System.String directory) [0x0006e] in ./Library/PackageCache/com.unity.multiplayer.playmode@96fe8db2c047/Workflow/Editor/Configuration/ProjectDataStore.cs:55 
  at Unity.Multiplayer.Playmode.Workflow.Editor.ProjectDataStore.GetMain () [0x00000] in ./Library/PackageCache/com.unity.multiplayer.playmode@96fe8db2c047/Workflow/Editor/Configuration/ProjectDataStore.cs:36 
  at Unity.Multiplayer.Playmode.Workflow.Editor.WorkflowMainEditorContext..ctor (Unity.Multiplayer.Playmode.VirtualProjects.Editor.MainEditorContext mainEditorContext) [0x0002c] in ./Library/PackageCache/com.unity.multiplayer.playmode@96fe8db2c047/Workflow/Editor/Contexts/WorkflowMainEditorContext.cs:15 
  at Unity.Multiplayer.Playmode.Workflow.Editor.VirtualProjectWorkflow.InitializeMPPMContexts () [0x00018] in ./Library/PackageCache/com.unity.multiplayer.playmode@96fe8db2c047/Workflow/Editor/Workflow/VirtualProjectWorkflow.cs:204 
  at Unity.Multiplayer.Playmode.Workflow.Editor.VirtualProjectWorkflow+<>c.<.cctor>b__22_0 () [0x00036] in ./Library/PackageCache/com.unity.multiplayer.playmode@96fe8db2c047/Workflow/Editor/Workflow/VirtualProjectWorkflow.cs:85 
  at Unity.Multiplayer.Playmode.VirtualProjects.Editor.EditorContexts.SendReadyEvent () [0x00038] in ./Library/PackageCache/com.unity.multiplayer.playmode@96fe8db2c047/VirtualProjects/Editor/Contexts/EditorContexts.cs:56 
  at (wrapper managed-to-native) System.Reflection.RuntimeMethodInfo.InternalInvoke(System.Reflection.RuntimeMethodInfo,object,object[],System.Exception&)
  at System.Reflection.RuntimeMethodInfo.Invoke (System.Object obj, System.Reflection.BindingFlags invokeAttr, System.Reflection.Binder binder, System.Object[] parameters, System.Globalization.CultureInfo culture) [0x0006a] in <3c470575843b432e876313222d20c5ed>:0 
   --- End of inner exception stack trace ---
  at System.Reflection.RuntimeMethodInfo.Invoke (System.Object obj, System.Reflection.BindingFlags invokeAttr, System.Reflection.Binder binder, System.Object[] parameters, System.Globalization.CultureInfo culture) [0x00083] in <3c470575843b432e876313222d20c5ed>:0 
  at System.Reflection.MethodBase.Invoke (System.Object obj, System.Object[] parameters) [0x00000] in <3c470575843b432e876313222d20c5ed>:0 
  at UnityEditor.EditorAssemblies.ProcessInitializeOnLoadMethodAttributes () [0x00087] in /Users/bokken/build/output/unity/unity/Editor/Mono/EditorAssemblies.cs:153 
UnityEngine.Debug:ExtractStackTraceNoAlloc (byte*,int,string)
UnityEngine.StackTraceUtility:ExtractStackTrace () (at /Users/bokken/build/output/unity/unity/Runtime/Export/Scripting/StackTrace.cs:35)
UnityEngine.DebugLogHandler:Internal_Log (UnityEngine.LogType,UnityEngine.LogOption,string,UnityEngine.Object)
UnityEngine.DebugLogHandler:LogFormat (UnityEngine.LogType,UnityEngine.Object,string,object[])
UnityEngine.Logger:Log (UnityEngine.LogType,object)
UnityEngine.Debug:LogError (object)
UnityEditor.EditorAssemblies:ProcessInitializeOnLoadMethodAttributes () (at /Users/bokken/build/output/unity/unity/Editor/Mono/EditorAssemblies.cs:157)

(Filename: /Users/bokken/build/output/unity/unity/Editor/Mono/EditorAssemblies.cs Line: 157)

Mono: successfully reloaded assembly
[Package Manager] Failed to launch server process. Reason: Unity was launched with the -noUpm command-line argument
[Package Manager] Unable to send message (not connected to server process).
[Package Manager] Cannot connect to Unity Package Manager local server
- Finished resetting the current domain, in  1.010 seconds
Domain Reload Profiling: 1618ms
	BeginReloadAssembly (127ms)
		ExecutionOrderSort (0ms)
		DisableScriptedObjects (4ms)
		BackupInstance (0ms)
		ReleaseScriptingObjects (0ms)
		CreateAndSetChildDomain (46ms)
	RebuildCommonClasses (24ms)
	RebuildNativeTypeToScriptingClass (10ms)
	initialDomainReloadingComplete (27ms)
	LoadAllAssembliesAndSetupDomain (421ms)
		LoadAssemblies (255ms)
		RebuildTransferFunctionScriptingTraits (0ms)
		AnalyzeDomain (193ms)
			TypeCache.Refresh (14ms)
				TypeCache.ScanAssembly (1ms)
			BuildScriptInfoCaches (167ms)
			ResolveRequiredComponents (10ms)
	FinalizeReload (1010ms)
		ReleaseScriptCaches (0ms)
		RebuildScriptCaches (0ms)
		SetupLoadedEditorAssemblies (745ms)
			LogAssemblyErrors (0ms)
			InitializePlatformSupportModulesInManaged (6ms)
			SetLoadedEditorAssemblies (4ms)
			BeforeProcessingInitializeOnLoad (144ms)
			ProcessInitializeOnLoadAttributes (321ms)
			ProcessInitializeOnLoadMethodAttributes (268ms)
			AfterProcessingInitializeOnLoad (1ms)
			EditorAssembliesLoaded (0ms)
		ExecutionOrderSort2 (0ms)
		AwakeInstancesAfterBackupRestoration (121ms)
WARNING: Shader Unsupported: 'Universal Render Pipeline/VR/SpatialMapping/Wireframe' - All subshaders removed
WARNING: Shader Did you use #pragma only_renderers and omit this platform?
WARNING: Shader If subshaders removal was intentional, you may have forgotten turning Fallback off?
WARNING: Shader Unsupported: 'Universal Render Pipeline/VR/SpatialMapping/Wireframe' - All subshaders removed
WARNING: Shader Did you use #pragma only_renderers and omit this platform?
WARNING: Shader If subshaders removal was intentional, you may have forgotten turning Fallback off?
Refreshing native plugins compatible for Editor in 4.39 ms, found 11 plugins.
Preloading 2 native plugins for Editor in 4.95 ms.
Unloading 15 Unused Serialized files (Serialized files now loaded: 0)
Unloading 12570 unused Assets / (5.8 MB). Loaded Objects now: 13281.
Memory consumption went from 302.1 MB to 296.3 MB.
Total: 12.981500 ms (FindLiveObjects: 0.626875 ms CreateObjectMapping: 0.507959 ms MarkObjects: 9.203708 ms  DeleteObjects: 2.642125 ms)

Prepare: number of updated asset objects reloaded= 0
========================================================================
Received Prepare
[Licensing::Client] Successfully resolved entitlement details
[Licensing::Module] License group:
  Id: F4-RSDR-WXHG-PY58-3MUB-XXXX
  Product: Unity Personal
  Type: ULF
  Expiration: Unlimited
[Licensing::Module] License group:
  Id: 3574117452597-UnityPersXXXX
  Product: Unity Personal
  Type: Assigned
  Expiration: Unlimited
Assembly with name 'Unity.XR.Interaction.Toolkit.Samples.Hands' already exists (Assets/Samples/XR Interaction Toolkit/3.2.2/Hands Interaction Demo/HandsInteractionDemo.asmdef)
Assembly with name 'Unity.XR.Interaction.Toolkit.Samples.Hands' already exists (Assets/Samples/XR Interaction Toolkit/3.0.8/Hands Interaction Demo/HandsInteractionDemo.asmdef)
Assembly with name 'Unity.XR.Interaction.Toolkit.Samples.Hands.Editor' already exists (Assets/Samples/XR Interaction Toolkit/3.0.8/Hands Interaction Demo/Editor/HandsInteractionDemo.Editor.asmdef)
Assembly with name 'Unity.XR.Interaction.Toolkit.Samples.Hands.Editor' already exists (Assets/Samples/XR Interaction Toolkit/3.2.2/Hands Interaction Demo/Editor/HandsInteractionDemo.Editor.asmdef)
Assembly with name 'Unity.XR.Interaction.Toolkit.Samples.Hands' already exists (Assets/Samples/XR Interaction Toolkit/3.2.2/Hands Interaction Demo/HandsInteractionDemo.asmdef)
Assembly with name 'Unity.XR.Interaction.Toolkit.Samples.Hands' already exists (Assets/Samples/XR Interaction Toolkit/3.0.8/Hands Interaction Demo/HandsInteractionDemo.asmdef)
Assembly with name 'Unity.XR.Interaction.Toolkit.Samples.Hands.Editor' already exists (Assets/Samples/XR Interaction Toolkit/3.0.8/Hands Interaction Demo/Editor/HandsInteractionDemo.Editor.asmdef)
Assembly with name 'Unity.XR.Interaction.Toolkit.Samples.Hands.Editor' already exists (Assets/Samples/XR Interaction Toolkit/3.2.2/Hands Interaction Demo/Editor/HandsInteractionDemo.Editor.asmdef)
Begin MonoManager ReloadAssembly
[Licensing::Client] Successfully resolved entitlement details
[Licensing::Module] License group:
  Id: F4-RSDR-WXHG-PY58-3MUB-XXXX
  Product: Unity Personal
  Type: ULF
  Expiration: Unlimited
[Licensing::Module] License group:
  Id: 3574117452597-UnityPersXXXX
  Product: Unity Personal
  Type: Assigned
  Expiration: Unlimited
Thread 0x16bcef000 may have been prematurely finalized
Symbol file LoadedFromMemory is not a mono symbol file
- Loaded All Assemblies, in  0.584 seconds
Assembly with name 'Unity.XR.Interaction.Toolkit.Samples.Hands' already exists (Assets/Samples/XR Interaction Toolkit/3.2.2/Hands Interaction Demo/HandsInteractionDemo.asmdef)
Assembly with name 'Unity.XR.Interaction.Toolkit.Samples.Hands' already exists (Assets/Samples/XR Interaction Toolkit/3.0.8/Hands Interaction Demo/HandsInteractionDemo.asmdef)
Assembly with name 'Unity.XR.Interaction.Toolkit.Samples.Hands.Editor' already exists (Assets/Samples/XR Interaction Toolkit/3.0.8/Hands Interaction Demo/Editor/HandsInteractionDemo.Editor.asmdef)
Assembly with name 'Unity.XR.Interaction.Toolkit.Samples.Hands.Editor' already exists (Assets/Samples/XR Interaction Toolkit/3.2.2/Hands Interaction Demo/Editor/HandsInteractionDemo.Editor.asmdef)
Refreshing native plugins compatible for Editor in 4.53 ms, found 11 plugins.
Native extension for Android target not found
Native extension for WindowsStandalone target not found
Native extension for OSXStandalone target not found
Native extension for WebGL target not found
Assembly with name 'Unity.XR.Interaction.Toolkit.Samples.Hands' already exists (Assets/Samples/XR Interaction Toolkit/3.2.2/Hands Interaction Demo/HandsInteractionDemo.asmdef)
Assembly with name 'Unity.XR.Interaction.Toolkit.Samples.Hands' already exists (Assets/Samples/XR Interaction Toolkit/3.0.8/Hands Interaction Demo/HandsInteractionDemo.asmdef)
Assembly with name 'Unity.XR.Interaction.Toolkit.Samples.Hands.Editor' already exists (Assets/Samples/XR Interaction Toolkit/3.0.8/Hands Interaction Demo/Editor/HandsInteractionDemo.Editor.asmdef)
Assembly with name 'Unity.XR.Interaction.Toolkit.Samples.Hands.Editor' already exists (Assets/Samples/XR Interaction Toolkit/3.2.2/Hands Interaction Demo/Editor/HandsInteractionDemo.Editor.asmdef)
Refreshing native plugins compatible for Editor in 4.32 ms, found 11 plugins.
[Package Manager] Failed to launch server process. Reason: Unity was launched with the -noUpm command-line argument
[Package Manager] Unable to send message (not connected to server process).
[Package Manager] Cannot connect to Unity Package Manager local server
System.Reflection.TargetInvocationException: Exception has been thrown by the target of an invocation. ---> System.NullReferenceException: Object reference not set to an instance of an object
  at Unity.Multiplayer.Playmode.Workflow.Editor.ProjectDataStore..ctor (System.String directory) [0x0006e] in ./Library/PackageCache/com.unity.multiplayer.playmode@96fe8db2c047/Workflow/Editor/Configuration/ProjectDataStore.cs:55 
  at Unity.Multiplayer.Playmode.Workflow.Editor.ProjectDataStore.GetMain () [0x00000] in ./Library/PackageCache/com.unity.multiplayer.playmode@96fe8db2c047/Workflow/Editor/Configuration/ProjectDataStore.cs:36 
  at Unity.Multiplayer.Playmode.Workflow.Editor.WorkflowMainEditorContext..ctor (Unity.Multiplayer.Playmode.VirtualProjects.Editor.MainEditorContext mainEditorContext) [0x0002c] in ./Library/PackageCache/com.unity.multiplayer.playmode@96fe8db2c047/Workflow/Editor/Contexts/WorkflowMainEditorContext.cs:15 
  at Unity.Multiplayer.Playmode.Workflow.Editor.VirtualProjectWorkflow.InitializeMPPMContexts () [0x00018] in ./Library/PackageCache/com.unity.multiplayer.playmode@96fe8db2c047/Workflow/Editor/Workflow/VirtualProjectWorkflow.cs:204 
  at Unity.Multiplayer.Playmode.Workflow.Editor.VirtualProjectWorkflow+<>c.<.cctor>b__22_0 () [0x00036] in ./Library/PackageCache/com.unity.multiplayer.playmode@96fe8db2c047/Workflow/Editor/Workflow/VirtualProjectWorkflow.cs:85 
  at Unity.Multiplayer.Playmode.VirtualProjects.Editor.EditorContexts.SendReadyEvent () [0x00038] in ./Library/PackageCache/com.unity.multiplayer.playmode@96fe8db2c047/VirtualProjects/Editor/Contexts/EditorContexts.cs:56 
  at (wrapper managed-to-native) System.Reflection.RuntimeMethodInfo.InternalInvoke(System.Reflection.RuntimeMethodInfo,object,object[],System.Exception&)
  at System.Reflection.RuntimeMethodInfo.Invoke (System.Object obj, System.Reflection.BindingFlags invokeAttr, System.Reflection.Binder binder, System.Object[] parameters, System.Globalization.CultureInfo culture) [0x0006a] in <3c470575843b432e876313222d20c5ed>:0 
   --- End of inner exception stack trace ---
  at System.Reflection.RuntimeMethodInfo.Invoke (System.Object obj, System.Reflection.BindingFlags invokeAttr, System.Reflection.Binder binder, System.Object[] parameters, System.Globalization.CultureInfo culture) [0x00083] in <3c470575843b432e876313222d20c5ed>:0 
  at System.Reflection.MethodBase.Invoke (System.Object obj, System.Object[] parameters) [0x00000] in <3c470575843b432e876313222d20c5ed>:0 
  at UnityEditor.EditorAssemblies.ProcessInitializeOnLoadMethodAttributes () [0x00087] in /Users/bokken/build/output/unity/unity/Editor/Mono/EditorAssemblies.cs:153 
UnityEngine.Debug:ExtractStackTraceNoAlloc (byte*,int,string)
UnityEngine.StackTraceUtility:ExtractStackTrace () (at /Users/bokken/build/output/unity/unity/Runtime/Export/Scripting/StackTrace.cs:35)
UnityEngine.DebugLogHandler:Internal_Log (UnityEngine.LogType,UnityEngine.LogOption,string,UnityEngine.Object)
UnityEngine.DebugLogHandler:LogFormat (UnityEngine.LogType,UnityEngine.Object,string,object[])
UnityEngine.Logger:Log (UnityEngine.LogType,object)
UnityEngine.Debug:LogError (object)
UnityEditor.EditorAssemblies:ProcessInitializeOnLoadMethodAttributes () (at /Users/bokken/build/output/unity/unity/Editor/Mono/EditorAssemblies.cs:157)

(Filename: /Users/bokken/build/output/unity/unity/Editor/Mono/EditorAssemblies.cs Line: 157)

Mono: successfully reloaded assembly
[Package Manager] Failed to launch server process. Reason: Unity was launched with the -noUpm command-line argument
[Package Manager] Unable to send message (not connected to server process).
[Package Manager] Cannot connect to Unity Package Manager local server
- Finished resetting the current domain, in  0.963 seconds
Domain Reload Profiling: 1552ms
	BeginReloadAssembly (118ms)
		ExecutionOrderSort (0ms)
		DisableScriptedObjects (4ms)
		BackupInstance (0ms)
		ReleaseScriptingObjects (0ms)
		CreateAndSetChildDomain (42ms)
	RebuildCommonClasses (24ms)
	RebuildNativeTypeToScriptingClass (10ms)
	initialDomainReloadingComplete (28ms)
	LoadAllAssembliesAndSetupDomain (409ms)
		LoadAssemblies (244ms)
		RebuildTransferFunctionScriptingTraits (0ms)
		AnalyzeDomain (190ms)
			TypeCache.Refresh (8ms)
				TypeCache.ScanAssembly (0ms)
			BuildScriptInfoCaches (170ms)
			ResolveRequiredComponents (10ms)
	FinalizeReload (963ms)
		ReleaseScriptCaches (0ms)
		RebuildScriptCaches (0ms)
		SetupLoadedEditorAssemblies (747ms)
			LogAssemblyErrors (0ms)
			InitializePlatformSupportModulesInManaged (6ms)
			SetLoadedEditorAssemblies (4ms)
			BeforeProcessingInitializeOnLoad (140ms)
			ProcessInitializeOnLoadAttributes (327ms)
			ProcessInitializeOnLoadMethodAttributes (269ms)
			AfterProcessingInitializeOnLoad (1ms)
			EditorAssembliesLoaded (0ms)
		ExecutionOrderSort2 (0ms)
		AwakeInstancesAfterBackupRestoration (82ms)
WARNING: Shader Unsupported: 'Universal Render Pipeline/VR/SpatialMapping/Wireframe' - All subshaders removed
WARNING: Shader Did you use #pragma only_renderers and omit this platform?
WARNING: Shader If subshaders removal was intentional, you may have forgotten turning Fallback off?
WARNING: Shader Unsupported: 'Universal Render Pipeline/VR/SpatialMapping/Wireframe' - All subshaders removed
WARNING: Shader Did you use #pragma only_renderers and omit this platform?
WARNING: Shader If subshaders removal was intentional, you may have forgotten turning Fallback off?
Refreshing native plugins compatible for Editor in 4.13 ms, found 11 plugins.
Preloading 2 native plugins for Editor in 4.75 ms.
Unloading 15 Unused Serialized files (Serialized files now loaded: 0)
Unloading 12570 unused Assets / (5.9 MB). Loaded Objects now: 13285.
Memory consumption went from 301.7 MB to 295.8 MB.
Total: 11.504167 ms (FindLiveObjects: 0.516833 ms CreateObjectMapping: 0.338292 ms MarkObjects: 8.271667 ms  DeleteObjects: 2.376708 ms)

Prepare: number of updated asset objects reloaded= 0
========================================================================
Received Import Request.
  Time since last request: 119.304875 seconds.
  path: Assets/AdaptationMultijoueur/Lobby.unity
  artifactKey: Guid(1a27d7470106649de82677e1bffbb05b) Importer(815301076,1909f56bfc062723c751e8b465ee728b)
Start importing Assets/AdaptationMultijoueur/Lobby.unity using Guid(1a27d7470106649de82677e1bffbb05b) Importer(815301076,1909f56bfc062723c751e8b465ee728b) (PreviewImporter) -> (artifact id: 'f9f6f03ec97f15358e1739e3f2c90ca7') in 0.001402459 seconds
Number of updated asset objects reloaded before import = 0Number of asset objects unloaded after import = 0

========================================================================
Received Prepare
WARNING: Shader Unsupported: 'Universal Render Pipeline/VR/SpatialMapping/Wireframe' - All subshaders removed
WARNING: Shader Did you use #pragma only_renderers and omit this platform?
WARNING: Shader If subshaders removal was intentional, you may have forgotten turning Fallback off?
WARNING: Shader Unsupported: 'Universal Render Pipeline/VR/SpatialMapping/Wireframe' - All subshaders removed
WARNING: Shader Did you use #pragma only_renderers and omit this platform?
WARNING: Shader If subshaders removal was intentional, you may have forgotten turning Fallback off?
Refreshing native plugins compatible for Editor in 4.47 ms, found 11 plugins.
Preloading 2 native plugins for Editor in 4.96 ms.
Unloading 15 Unused Serialized files (Serialized files now loaded: 0)
Unloading 15 unused Assets / (1.9 MB). Loaded Objects now: 13285.
Memory consumption went from 252.1 MB to 250.2 MB.
Total: 9.517958 ms (FindLiveObjects: 0.388459 ms CreateObjectMapping: 0.196875 ms MarkObjects: 8.711750 ms  DeleteObjects: 0.220417 ms)

Prepare: number of updated asset objects reloaded= 0
