[Licensing::Module] Trying to connect to existing licensing client channel...
Built from '6000.2/staging' branch; Version is '6000.2.9f1 (e0c4e791ab71) revision 14730471'; Using compiler version '194234433'; Build Type 'Release'
OS: 'Windows 11  (10.0.26100) 64bit Core' Language: 'en' Physical Memory: 15596 MB
[Licensing::IpcConnector] Successfully connected to: "LicenseClient-laure" at "2025-11-01T23:03:31.1910133Z"
BatchMode: 1, IsHumanControllingUs: 0, StartBugReporterOnCrash: 0, Is64bit: 1
Date: 2025-11-01T23:03:31Z

COMMAND LINE ARGUMENTS:
C:\Program Files\Unity\Hub\Editor\6000.2.9f1\Editor\Unity.exe
-adb2
-batchMode
-noUpm
-name
AssetImportWorker11
-projectPath
C:/Users/laure/OneDrive/Bureau/doucebaleine/ecole/a25/xp/Mongeau_Final/jeu-minigame
-logFile
Logs/AssetImportWorker11.log
-srvPort
63861
-licensingIpc
LicenseClient-laure
-job-worker-count
7
-background-job-worker-count
8
-gc-helper-count
1
-name
AssetImport
Successfully changed project path to: C:/Users/laure/OneDrive/Bureau/doucebaleine/ecole/a25/xp/Mongeau_Final/jeu-minigame
C:/Users/laure/OneDrive/Bureau/doucebaleine/ecole/a25/xp/Mongeau_Final/jeu-minigame
[UnityMemory] Configuration Parameters - Can be set up in boot.config
    "memorysetup-allocator-temp-initial-block-size-main=262144"
    "memorysetup-allocator-temp-initial-block-size-worker=262144"
    "memorysetup-bucket-allocator-granularity=16"
    "memorysetup-bucket-allocator-bucket-count=8"
    "memorysetup-bucket-allocator-block-size=33554432"
    "memorysetup-bucket-allocator-block-count=8"
    "memorysetup-main-allocator-block-size=16777216"
    "memorysetup-thread-allocator-block-size=16777216"
    "memorysetup-gfx-main-allocator-block-size=16777216"
    "memorysetup-gfx-thread-allocator-block-size=16777216"
    "memorysetup-cache-allocator-block-size=4194304"
    "memorysetup-typetree-allocator-block-size=2097152"
    "memorysetup-profiler-bucket-allocator-granularity=16"
    "memorysetup-profiler-bucket-allocator-bucket-count=8"
    "memorysetup-profiler-bucket-allocator-block-size=33554432"
    "memorysetup-profiler-bucket-allocator-block-count=8"
    "memorysetup-profiler-allocator-block-size=16777216"
    "memorysetup-profiler-editor-allocator-block-size=1048576"
    "memorysetup-temp-allocator-size-main=16777216"
    "memorysetup-job-temp-allocator-block-size=2097152"
    "memorysetup-job-temp-allocator-block-size-background=1048576"
    "memorysetup-job-temp-allocator-reduction-small-platforms=262144"
    "memorysetup-temp-allocator-size-background-worker=32768"
    "memorysetup-temp-allocator-size-job-worker=262144"
    "memorysetup-temp-allocator-size-preload-manager=33554432"
    "memorysetup-temp-allocator-size-nav-mesh-worker=65536"
    "memorysetup-temp-allocator-size-audio-worker=65536"
    "memorysetup-temp-allocator-size-cloud-worker=32768"
    "memorysetup-temp-allocator-size-gi-baking-worker=262144"
    "memorysetup-temp-allocator-size-gi-baking-worker=262144"
    "memorysetup-temp-allocator-size-gi-baking-worker=262144"
    "memorysetup-temp-allocator-size-gi-baking-worker=262144"
    "memorysetup-temp-allocator-size-gi-baking-worker=262144"
    "memorysetup-temp-allocator-size-gfx=262144"
Player connection [11920]  Target information:

Player connection [11920]  * "[IP] 10.0.0.228 [Port] 0 [Flags] 2 [Guid] 1007521793 [EditorId] 1007521793 [Version] 1048832 [Id] WindowsEditor(7,méduse) [Debug] 1 [PackageName] WindowsEditor [ProjectName] Editor" 

Player connection [11920] Host joined multi-casting on [225.0.0.222:54997]...
Player connection [11920] Host joined alternative multi-casting on [225.0.0.222:34997]...
JobSystem: Creating JobQueue using job-worker-count value 7
Input System module state changed to: Initialized.
[Physics::Module] Initialized fallback backend.
[Physics::Module] Id: 0xdecafbad
[Licensing::Client] Code 10 while verifying Licensing Client signature (process Id: 17204, path: "C:/Program Files/Unity Hub/UnityLicensingClient_V1/Unity.Licensing.Client.exe")
[Licensing::Module] LicensingClient has failed validation; ignoring
[Licensing::Client] Handshaking with LicensingClient:
  Version:                 1.17.3+a4e98f1
  Session Id:              12c9611a515d499eaae559cf8f316653
  Correlation Id:          d6f316fbaabf9c1c0fc1605d40b8ac0f
  External correlation Id: 2853648891118705639
  Machine Id:              yT6/NuuTYJ7dZ8+G2NjmJQsO7f0=
[Licensing::Module] Successfully connected to LicensingClient on channel: "LicenseClient-laure" (connect: 0.00s, validation: 0.00s, handshake: 0.05s)
[Licensing::IpcConnector] Successfully connected to: "LicenseClient-laure-notifications" at "2025-11-01T23:03:31.2419476Z"
[Licensing::Module] Licensing Background thread has ended after 0.05s
Library Redirect Path: Library/
[Physics::Module] Selected backend.
[Physics::Module] Name: PhysX
[Physics::Module] Id: 0xf2b8ea05
[Physics::Module] SDK Version: 4.1.2
[Physics::Module] Integration Version: 1.0.0
[Physics::Module] Threading Mode: Multi-Threaded
Refreshing native plugins compatible for Editor in 34.69 ms, found 10 plugins.
Preloading 0 native plugins for Editor in 0.00 ms.
Initialize engine version: 6000.2.9f1 (e0c4e791ab71)
[Subsystems] Discovering subsystems at path C:/Program Files/Unity/Hub/Editor/6000.2.9f1/Editor/Data/Resources/UnitySubsystems
[Subsystems] Discovering subsystems at path C:/Users/laure/OneDrive/Bureau/doucebaleine/ecole/a25/xp/Mongeau_Final/jeu-minigame/Assets
GfxDevice: creating device client; kGfxThreadingModeNonThreaded
Direct3D:
    Version:  Direct3D 11.0 [level 11.1]
    Renderer: AMD Radeon RX 6700S (ID=0x73ef)
    Vendor:   ATI
    VRAM:     8146 MB
    Driver:   31.0.12024.2005
Initialize mono
Mono path[0] = 'C:/Program Files/Unity/Hub/Editor/6000.2.9f1/Editor/Data/Managed'
Mono path[1] = 'C:/Program Files/Unity/Hub/Editor/6000.2.9f1/Editor/Data/MonoBleedingEdge/lib/mono/unityjit-win32'
Mono config path = 'C:/Program Files/Unity/Hub/Editor/6000.2.9f1/Editor/Data/MonoBleedingEdge/etc'
Using monoOptions --debugger-agent=transport=dt_socket,embedding=1,server=y,suspend=n,address=127.0.0.1:56708
Begin MonoManager ReloadAssembly
Registering precompiled unity dll's ...
Register platform support module: C:/Program Files/Unity/Hub/Editor/6000.2.9f1/Editor/Data/PlaybackEngines/WindowsStandaloneSupport/UnityEditor.WindowsStandalone.Extensions.dll
[Licensing::Client] Successfully resolved entitlement details
[Licensing::Module] License group:
  Id: 3574117437464-UnityPersXXXX
  Product: Unity Personal
  Type: Assigned
  Expiration: Unlimited
Register platform support module: C:/Program Files/Unity/Hub/Editor/6000.2.9f1/Editor/Data/PlaybackEngines/AndroidPlayer/UnityEditor.Android.Extensions.dll
Registered in 0.005158 seconds.
- Loaded All Assemblies, in  0.503 seconds
Native extension for Android target not found
Android Extension - Scanning For ADB Devices 320 ms
Native extension for WindowsStandalone target not found
Mono: successfully reloaded assembly
- Finished resetting the current domain, in  0.854 seconds
Domain Reload Profiling: 1355ms
	BeginReloadAssembly (161ms)
		ExecutionOrderSort (0ms)
		DisableScriptedObjects (0ms)
		BackupInstance (0ms)
		ReleaseScriptingObjects (0ms)
		CreateAndSetChildDomain (1ms)
	RebuildCommonClasses (50ms)
	RebuildNativeTypeToScriptingClass (14ms)
	initialDomainReloadingComplete (72ms)
	LoadAllAssembliesAndSetupDomain (202ms)
		LoadAssemblies (156ms)
		RebuildTransferFunctionScriptingTraits (0ms)
		AnalyzeDomain (198ms)
			TypeCache.Refresh (196ms)
				TypeCache.ScanAssembly (180ms)
			BuildScriptInfoCaches (0ms)
			ResolveRequiredComponents (1ms)
	FinalizeReload (855ms)
		ReleaseScriptCaches (0ms)
		RebuildScriptCaches (0ms)
		SetupLoadedEditorAssemblies (789ms)
			LogAssemblyErrors (0ms)
			InitializePlatformSupportModulesInManaged (468ms)
			SetLoadedEditorAssemblies (6ms)
			BeforeProcessingInitializeOnLoad (84ms)
			ProcessInitializeOnLoadAttributes (153ms)
			ProcessInitializeOnLoadMethodAttributes (78ms)
			AfterProcessingInitializeOnLoad (0ms)
			EditorAssembliesLoaded (0ms)
		ExecutionOrderSort2 (0ms)
		AwakeInstancesAfterBackupRestoration (0ms)
========================================================================
Worker process is ready to serve import requests
Import Worker Mode flag is 0x00
Begin MonoManager ReloadAssembly
[Licensing::Client] Successfully resolved entitlement details
Symbol file LoadedFromMemory is not a mono symbol file
- Loaded All Assemblies, in  1.383 seconds
Refreshing native plugins compatible for Editor in 24.91 ms, found 10 plugins.
Native extension for Android target not found
Native extension for WindowsStandalone target not found
Package Manager log level set to [2]
[Package Manager] Failed to launch server process. Reason: Unity was launched with the -noUpm command-line argument
[Package Manager] Unable to send message (not connected to server process).
[Package Manager] Cannot connect to Unity Package Manager local server
[Package Manager] Failed to launch server process. Reason: Unity was launched with the -noUpm command-line argument
[Package Manager] Unable to send message (not connected to server process).
[Package Manager] Cannot connect to Unity Package Manager local server
Failed to get package versions: Cannot connect to Unity Package Manager local server
UnityEngine.Debug:ExtractStackTraceNoAlloc (byte*,int,string)
UnityEngine.StackTraceUtility:ExtractStackTrace ()
UnityEngine.DebugLogHandler:Internal_Log (UnityEngine.LogType,UnityEngine.LogOption,string,UnityEngine.Object)
UnityEngine.DebugLogHandler:LogFormat (UnityEngine.LogType,UnityEngine.Object,string,object[])
UnityEngine.Logger:Log (UnityEngine.LogType,object)
UnityEngine.Debug:LogWarning (object)
Unity.XR.CoreUtils.Editor.PackageVersionUtility:UpdatePackageVersions () (at ./Library/PackageCache/com.unity.xr.core-utils@f0450cbac8d6/Editor/ProjectValidation/PackageVersionUtility.cs:59)
Unity.XR.CoreUtils.Editor.PackageVersionUtility:GetPackageVersion (string) (at ./Library/PackageCache/com.unity.xr.core-utils@f0450cbac8d6/Editor/ProjectValidation/PackageVersionUtility.cs:77)
UnityEditor.XR.Interaction.Toolkit.Samples.Hands.Editor.HandsSampleProjectValidation:.cctor () (at Assets/Samples/XR Interaction Toolkit/3.0.8/Hands Interaction Demo/Editor/Scripts/HandsSampleProjectValidation.cs:34)
System.Reflection.RuntimeMethodInfo:Invoke (object,System.Reflection.BindingFlags,System.Reflection.Binder,object[],System.Globalization.CultureInfo)
System.Reflection.MethodBase:Invoke (object,object[])
UnityEditor.EditorAssemblies:ProcessInitializeOnLoadMethodAttributes ()

(Filename: ./Library/PackageCache/com.unity.xr.core-utils@f0450cbac8d6/Editor/ProjectValidation/PackageVersionUtility.cs Line: 59)

Mono: successfully reloaded assembly
[Package Manager] Failed to launch server process. Reason: Unity was launched with the -noUpm command-line argument
[Package Manager] Unable to send message (not connected to server process).
[Package Manager] Cannot connect to Unity Package Manager local server
[Package Manager] Failed to launch server process. Reason: Unity was launched with the -noUpm command-line argument
[Package Manager] Unable to send message (not connected to server process).
[Package Manager] Cannot connect to Unity Package Manager local server
- Finished resetting the current domain, in  2.007 seconds
Domain Reload Profiling: 3382ms
	BeginReloadAssembly (242ms)
		ExecutionOrderSort (0ms)
		DisableScriptedObjects (8ms)
		BackupInstance (0ms)
		ReleaseScriptingObjects (0ms)
		CreateAndSetChildDomain (42ms)
	RebuildCommonClasses (51ms)
	RebuildNativeTypeToScriptingClass (14ms)
	initialDomainReloadingComplete (56ms)
	LoadAllAssembliesAndSetupDomain (1011ms)
		LoadAssemblies (676ms)
		RebuildTransferFunctionScriptingTraits (0ms)
		AnalyzeDomain (471ms)
			TypeCache.Refresh (329ms)
				TypeCache.ScanAssembly (302ms)
			BuildScriptInfoCaches (120ms)
			ResolveRequiredComponents (17ms)
	FinalizeReload (2008ms)
		ReleaseScriptCaches (0ms)
		RebuildScriptCaches (0ms)
		SetupLoadedEditorAssemblies (1593ms)
			LogAssemblyErrors (0ms)
			InitializePlatformSupportModulesInManaged (19ms)
			SetLoadedEditorAssemblies (10ms)
			BeforeProcessingInitializeOnLoad (352ms)
			ProcessInitializeOnLoadAttributes (730ms)
			ProcessInitializeOnLoadMethodAttributes (470ms)
			AfterProcessingInitializeOnLoad (11ms)
			EditorAssembliesLoaded (1ms)
		ExecutionOrderSort2 (0ms)
		AwakeInstancesAfterBackupRestoration (11ms)
Launched and connected shader compiler UnityShaderCompiler.exe after 0.02 seconds
Refreshing native plugins compatible for Editor in 35.10 ms, found 10 plugins.
Preloading 0 native plugins for Editor in 0.00 ms.
Unloading 14 Unused Serialized files (Serialized files now loaded: 0)
Unloading 8352 unused Assets / (5.8 MB). Loaded Objects now: 9045.
Memory consumption went from 152.0 MB to 146.2 MB.
Total: 26.578000 ms (FindLiveObjects: 1.640700 ms CreateObjectMapping: 1.923400 ms MarkObjects: 17.233900 ms  DeleteObjects: 5.777800 ms)

========================================================================
Received Import Request.
  Time since last request: 358623.296332 seconds.
  path: Assets/Samples/XR Hands/1.5.1/Gestures/HandGestures.unity
  artifactKey: Guid(cd792f2302b8b6f4c9f264e2a4503e15) Importer(2089858483,192608db42251d675da83286b1cce702)
Start importing Assets/Samples/XR Hands/1.5.1/Gestures/HandGestures.unity using Guid(cd792f2302b8b6f4c9f264e2a4503e15) Importer(2089858483,192608db42251d675da83286b1cce702) (ScriptedImporter) -> (artifact id: 'fe5bfac6e6eceb0353076988c2e66fc0') in 0.3482121 seconds
Number of updated asset objects reloaded before import = 0Number of asset objects unloaded after import = 1

========================================================================
Received Import Request.
  Time since last request: 0.000039 seconds.
  path: Assets/Samples/XR Interaction Toolkit/3.2.1/Starter Assets/Scripts/XRPokeFollowAffordance.cs
  artifactKey: Guid(07b3638c2f5db5b479ff24c2859713d4) Importer(2089858483,192608db42251d675da83286b1cce702)
Start importing Assets/Samples/XR Interaction Toolkit/3.2.1/Starter Assets/Scripts/XRPokeFollowAffordance.cs using Guid(07b3638c2f5db5b479ff24c2859713d4) Importer(2089858483,192608db42251d675da83286b1cce702) (ScriptedImporter) -> (artifact id: '81316c5a132bef36829678f8700c20ad') in 0.0724226 seconds
Number of updated asset objects reloaded before import = 0Number of asset objects unloaded after import = 0

========================================================================
Received Import Request.
  Time since last request: 29.952365 seconds.
  path: Assets/Sons
  artifactKey: Guid(70725dd923a3686409adb08b26a2ff67) Importer(815301076,1909f56bfc062723c751e8b465ee728b)
Start importing Assets/Sons using Guid(70725dd923a3686409adb08b26a2ff67) Importer(815301076,1909f56bfc062723c751e8b465ee728b) (PreviewImporter) -> (artifact id: '0de7080025cf6d59ed4fa09a3c15ed77') in 0.0006647 seconds
Number of updated asset objects reloaded before import = 0Number of asset objects unloaded after import = 0

========================================================================
Received Import Request.
  Time since last request: 41.688909 seconds.
  path: Assets/Script/old_tv
  artifactKey: Guid(f8f52da5a1cdc714196462620e59635f) Importer(2089858483,192608db42251d675da83286b1cce702)
Start importing Assets/Script/old_tv using Guid(f8f52da5a1cdc714196462620e59635f) Importer(2089858483,192608db42251d675da83286b1cce702) (ScriptedImporter) -> (artifact id: '4e3a290e6fddf4c69c52a2a878ba08b3') in 0.0199701 seconds
Number of updated asset objects reloaded before import = 0Number of asset objects unloaded after import = 1

========================================================================
Received Import Request.
  Time since last request: 0.000017 seconds.
  path: Assets/Script/old_tv/license.txt
  artifactKey: Guid(f72b76cb0bf58414ab10c6bf4434a278) Importer(2089858483,192608db42251d675da83286b1cce702)
Start importing Assets/Script/old_tv/license.txt using Guid(f72b76cb0bf58414ab10c6bf4434a278) Importer(2089858483,192608db42251d675da83286b1cce702) (ScriptedImporter) -> (artifact id: 'ca27e954206b8dda87da2545c52d7cf6') in 0.0211464 seconds
Number of updated asset objects reloaded before import = 0Number of asset objects unloaded after import = 1

========================================================================
Received Import Request.
  Time since last request: 0.000063 seconds.
  path: Assets/Script/old_tv/scene.bin
  artifactKey: Guid(bc75761fb6aacd04a86c52f37b3fc613) Importer(2089858483,192608db42251d675da83286b1cce702)
Start importing Assets/Script/old_tv/scene.bin using Guid(bc75761fb6aacd04a86c52f37b3fc613) Importer(2089858483,192608db42251d675da83286b1cce702) (ScriptedImporter) -> (artifact id: 'c8efbbb377e654ef662b18ca33a08df4') in 0.0191847 seconds
Number of updated asset objects reloaded before import = 0Number of asset objects unloaded after import = 1

========================================================================
Received Import Request.
  Time since last request: 0.000035 seconds.
  path: Assets/Script/gameManagerGlobal.cs
  artifactKey: Guid(3c678e7f10c96a948b0b2c37647c40e9) Importer(815301076,1909f56bfc062723c751e8b465ee728b)
Start importing Assets/Script/gameManagerGlobal.cs using Guid(3c678e7f10c96a948b0b2c37647c40e9) Importer(815301076,1909f56bfc062723c751e8b465ee728b) (PreviewImporter) -> (artifact id: '6a14d752c27f4f09b2274757da402f59') in 0.000734 seconds
Number of updated asset objects reloaded before import = 0Number of asset objects unloaded after import = 0

========================================================================
Received Import Request.
  Time since last request: 0.000018 seconds.
  path: Assets/Script/old_tv/scene.gltf
  artifactKey: Guid(8acecfa63db01154ab215b6123333160) Importer(2089858483,192608db42251d675da83286b1cce702)
Start importing Assets/Script/old_tv/scene.gltf using Guid(8acecfa63db01154ab215b6123333160) Importer(2089858483,192608db42251d675da83286b1cce702) (ScriptedImporter) -> (artifact id: 'a3e9f85e866af9ad9523a794512be8a8') in 0.0184606 seconds
Number of updated asset objects reloaded before import = 0Number of asset objects unloaded after import = 1

========================================================================
Received Import Request.
  Time since last request: 0.000026 seconds.
  path: Assets/Script/old_tv/textures/M_TV_Stand_normal.png
  artifactKey: Guid(6d17f2f0254335641a1bf492b81c365a) Importer(2089858483,192608db42251d675da83286b1cce702)
Start importing Assets/Script/old_tv/textures/M_TV_Stand_normal.png using Guid(6d17f2f0254335641a1bf492b81c365a) Importer(2089858483,192608db42251d675da83286b1cce702) (ScriptedImporter)[Licensing::Client] Successfully resolved entitlement details
 -> (artifact id: '903a41f07acb925a755053eba3d204ed') in 0.1043937 seconds
Number of updated asset objects reloaded before import = 0Number of asset objects unloaded after import = 1

========================================================================
Received Import Request.
  Time since last request: 1.287201 seconds.
  path: Assets/Script/old_tv
  artifactKey: Guid(f8f52da5a1cdc714196462620e59635f) Importer(815301076,1909f56bfc062723c751e8b465ee728b)
Start importing Assets/Script/old_tv using Guid(f8f52da5a1cdc714196462620e59635f) Importer(815301076,1909f56bfc062723c751e8b465ee728b) (PreviewImporter) -> (artifact id: '100c4c3a929f6b5b44be4565e1d813bb') in 0.0007381 seconds
Number of updated asset objects reloaded before import = 0Number of asset objects unloaded after import = 0

========================================================================
Received Import Request.
  Time since last request: 7.573929 seconds.
  path: Assets/Script/old_tv/textures
  artifactKey: Guid(a38af9ca7b75e66429f70f98612b1794) Importer(815301076,1909f56bfc062723c751e8b465ee728b)
Start importing Assets/Script/old_tv/textures using Guid(a38af9ca7b75e66429f70f98612b1794) Importer(815301076,1909f56bfc062723c751e8b465ee728b) (PreviewImporter) -> (artifact id: '7ebca4aec3b1bbf194d33d56295c1cdf') in 0.0006025 seconds
Number of updated asset objects reloaded before import = 0Number of asset objects unloaded after import = 0

========================================================================
Received Import Request.
  Time since last request: 1.131174 seconds.
  path: Assets/Script/old_tv/scene.bin
  artifactKey: Guid(bc75761fb6aacd04a86c52f37b3fc613) Importer(815301076,1909f56bfc062723c751e8b465ee728b)
Start importing Assets/Script/old_tv/scene.bin using Guid(bc75761fb6aacd04a86c52f37b3fc613) Importer(815301076,1909f56bfc062723c751e8b465ee728b) (PreviewImporter) -> (artifact id: 'ad23002fcf898beaf0de6f9eb9bac0c9') in 0.0151561 seconds
Number of updated asset objects reloaded before import = 0Number of asset objects unloaded after import = 1

========================================================================
Received Import Request.
  Time since last request: 0.656035 seconds.
  path: Assets/Script/old_tv/scene.gltf
  artifactKey: Guid(8acecfa63db01154ab215b6123333160) Importer(815301076,1909f56bfc062723c751e8b465ee728b)
Start importing Assets/Script/old_tv/scene.gltf using Guid(8acecfa63db01154ab215b6123333160) Importer(815301076,1909f56bfc062723c751e8b465ee728b) (PreviewImporter) -> (artifact id: '01d1d55697cb1d92abdff920b605bfdd') in 0.0010108 seconds
Number of updated asset objects reloaded before import = 0Number of asset objects unloaded after import = 1

========================================================================
Received Import Request.
  Time since last request: 4.758834 seconds.
  path: Assets/Script/old_tv/textures/M_TV_Cage_baseColor.png
  artifactKey: Guid(05a174ec13df4d04d8b119291f393a94) Importer(815301076,1909f56bfc062723c751e8b465ee728b)
Start importing Assets/Script/old_tv/textures/M_TV_Cage_baseColor.png using Guid(05a174ec13df4d04d8b119291f393a94) Importer(815301076,1909f56bfc062723c751e8b465ee728b) (PreviewImporter) -> (artifact id: '579f5c26857c36e72a64561be09447fd') in 0.0507928 seconds
Number of updated asset objects reloaded before import = 0Number of asset objects unloaded after import = 2

========================================================================
Received Import Request.
  Time since last request: 0.627218 seconds.
  path: Assets/Script/old_tv/textures/M_TV_Cage_metallicRoughness.png
  artifactKey: Guid(9a150a59f70f7e94f82466ed487dc9fa) Importer(815301076,1909f56bfc062723c751e8b465ee728b)
Start importing Assets/Script/old_tv/textures/M_TV_Cage_metallicRoughness.png using Guid(9a150a59f70f7e94f82466ed487dc9fa) Importer(815301076,1909f56bfc062723c751e8b465ee728b) (PreviewImporter) -> (artifact id: '402b404d71ed5f4a57389af97234ad1b') in 0.0174427 seconds
Number of updated asset objects reloaded before import = 0Number of asset objects unloaded after import = 2

========================================================================
Received Import Request.
  Time since last request: 2.019109 seconds.
  path: Assets/Script/old_tv/textures/M_TV_Stand_baseColor.png
  artifactKey: Guid(859ba9f90c525b048b5d583e7634b05a) Importer(815301076,1909f56bfc062723c751e8b465ee728b)
Start importing Assets/Script/old_tv/textures/M_TV_Stand_baseColor.png using Guid(859ba9f90c525b048b5d583e7634b05a) Importer(815301076,1909f56bfc062723c751e8b465ee728b) (PreviewImporter) -> (artifact id: '83f144d77de473a31a2bbd2f742828a3') in 0.0182074 seconds
Number of updated asset objects reloaded before import = 0Number of asset objects unloaded after import = 2

========================================================================
Received Import Request.
  Time since last request: 0.651167 seconds.
  path: Assets/Script/old_tv/textures/M_TV_Stand_normal.png
  artifactKey: Guid(6d17f2f0254335641a1bf492b81c365a) Importer(815301076,1909f56bfc062723c751e8b465ee728b)
Start importing Assets/Script/old_tv/textures/M_TV_Stand_normal.png using Guid(6d17f2f0254335641a1bf492b81c365a) Importer(815301076,1909f56bfc062723c751e8b465ee728b) (PreviewImporter) -> (artifact id: '176bdb1ae3dac3f4f802d6ed36899d3e') in 0.0188707 seconds
Number of updated asset objects reloaded before import = 0Number of asset objects unloaded after import = 2

========================================================================
Received Import Request.
  Time since last request: 0.603464 seconds.
  path: Assets/Script/old_tv/license.txt
  artifactKey: Guid(f72b76cb0bf58414ab10c6bf4434a278) Importer(815301076,1909f56bfc062723c751e8b465ee728b)
Start importing Assets/Script/old_tv/license.txt using Guid(f72b76cb0bf58414ab10c6bf4434a278) Importer(815301076,1909f56bfc062723c751e8b465ee728b) (PreviewImporter) -> (artifact id: '69e6147316fe08a71a2485c58120580e') in 0.0010625 seconds
Number of updated asset objects reloaded before import = 0Number of asset objects unloaded after import = 1

========================================================================
Received Import Request.
  Time since last request: 192.148184 seconds.
  path: Assets/Prefab/TV.fbx
  artifactKey: Guid(3aefd38640a8e89438ebe0aac45a9457) Importer(2089858483,192608db42251d675da83286b1cce702)
Start importing Assets/Prefab/TV.fbx using Guid(3aefd38640a8e89438ebe0aac45a9457) Importer(2089858483,192608db42251d675da83286b1cce702) (ScriptedImporter) -> (artifact id: 'b53674e6cf8e30faa07849b227e6f46d') in 0.1113462 seconds
Number of updated asset objects reloaded before import = 0Number of asset objects unloaded after import = 8

========================================================================
Received Import Request.
  Time since last request: 3.289947 seconds.
  path: Assets/Prefab/TV.fbx
  artifactKey: Guid(3aefd38640a8e89438ebe0aac45a9457) Importer(815301076,1909f56bfc062723c751e8b465ee728b)
Start importing Assets/Prefab/TV.fbx using Guid(3aefd38640a8e89438ebe0aac45a9457) Importer(815301076,1909f56bfc062723c751e8b465ee728b) (PreviewImporter) -> (artifact id: 'c36c2e4929fef3f3f0f911a16fac4a0c') in 0.6120472 seconds
Number of updated asset objects reloaded before import = 0Number of asset objects unloaded after import = 8

========================================================================
Received Import Request.
  Time since last request: 0.453110 seconds.
  path: Assets/Prefab/tour.prefab
  artifactKey: Guid(a88cea2763ee74c42bfbf1a9611c011b) Importer(815301076,1909f56bfc062723c751e8b465ee728b)
Start importing Assets/Prefab/tour.prefab using Guid(a88cea2763ee74c42bfbf1a9611c011b) Importer(815301076,1909f56bfc062723c751e8b465ee728b) (PreviewImporter) -> (artifact id: 'e2b2040668edd7c3e979bba84a24c6c5') in 2.4456577 seconds
Number of updated asset objects reloaded before import = 0Number of asset objects unloaded after import = 51

========================================================================
Received Import Request.
  Time since last request: 19.758060 seconds.
  path: Assets/Prefab/TV.prefab
  artifactKey: Guid(00275c4f8bfc2d54e9645f23d4524f44) Importer(815301076,1909f56bfc062723c751e8b465ee728b)
Start importing Assets/Prefab/TV.prefab using Guid(00275c4f8bfc2d54e9645f23d4524f44) Importer(815301076,1909f56bfc062723c751e8b465ee728b) (PreviewImporter) -> (artifact id: 'a2c0dcb3d0ecc5d0e300fe2794a9a1e2') in 0.0181412 seconds
Number of updated asset objects reloaded before import = 0Number of asset objects unloaded after import = 13

========================================================================
Received Import Request.
  Time since last request: 0.908277 seconds.
  path: Assets/Prefab/TV.prefab
  artifactKey: Guid(00275c4f8bfc2d54e9645f23d4524f44) Importer(2089858483,192608db42251d675da83286b1cce702)
Start importing Assets/Prefab/TV.prefab using Guid(00275c4f8bfc2d54e9645f23d4524f44) Importer(2089858483,192608db42251d675da83286b1cce702) (ScriptedImporter) -> (artifact id: '1cbf8948fdc0003b33ae5dab6c98d083') in 0.0173754 seconds
Number of updated asset objects reloaded before import = 0Number of asset objects unloaded after import = 8

========================================================================
Received Import Request.
  Time since last request: 73.758378 seconds.
  path: Assets/Samples/XR Interaction Toolkit/3.0.8/Hands Interaction Demo/HandsDemoSceneAssets/Materials/AccentButton.mat
  artifactKey: Guid(53c16fb5d5c516b40a1f6a8fc34132f3) Importer(815301076,1909f56bfc062723c751e8b465ee728b)
Start importing Assets/Samples/XR Interaction Toolkit/3.0.8/Hands Interaction Demo/HandsDemoSceneAssets/Materials/AccentButton.mat using Guid(53c16fb5d5c516b40a1f6a8fc34132f3) Importer(815301076,1909f56bfc062723c751e8b465ee728b) (PreviewImporter) -> (artifact id: 'd4d6a1214ceaaa65f997660c2a72367e') in 2.7196664 seconds
Number of updated asset objects reloaded before import = 0Number of asset objects unloaded after import = 2

========================================================================
Received Import Request.
  Time since last request: 0.000039 seconds.
  path: Assets/Material/Materials/aiStandardSurface1exterieurmauve.mat
  artifactKey: Guid(d0ac5d2d4ec898743bb834c38c847243) Importer(815301076,1909f56bfc062723c751e8b465ee728b)
Start importing Assets/Material/Materials/aiStandardSurface1exterieurmauve.mat using Guid(d0ac5d2d4ec898743bb834c38c847243) Importer(815301076,1909f56bfc062723c751e8b465ee728b) (PreviewImporter) -> (artifact id: 'd1cfcbb856374545b66c18b650db8f39') in 3.9975366 seconds
Number of updated asset objects reloaded before import = 0Number of asset objects unloaded after import = 2

========================================================================
Received Import Request.
  Time since last request: 8.186066 seconds.
  path: Assets/Material/Materials/aiStandardSurface2interieurbleu.mat
  artifactKey: Guid(80e3c414ef4a096438460757cc74cd74) Importer(815301076,1909f56bfc062723c751e8b465ee728b)
Start importing Assets/Material/Materials/aiStandardSurface2interieurbleu.mat using Guid(80e3c414ef4a096438460757cc74cd74) Importer(815301076,1909f56bfc062723c751e8b465ee728b) (PreviewImporter) -> (artifact id: '5f725e7d59f6408baa69e1ef338ad3e0') in 0.0208015 seconds
Number of updated asset objects reloaded before import = 0Number of asset objects unloaded after import = 1

========================================================================
Received Import Request.
  Time since last request: 0.393046 seconds.
  path: Assets/Material/Materials/aiStandardSurface2interieurbleu 1.mat
  artifactKey: Guid(a0f29b9e916e55f40b1846e31e466bf5) Importer(815301076,1909f56bfc062723c751e8b465ee728b)
Start importing Assets/Material/Materials/aiStandardSurface2interieurbleu 1.mat using Guid(a0f29b9e916e55f40b1846e31e466bf5) Importer(815301076,1909f56bfc062723c751e8b465ee728b) (PreviewImporter) -> (artifact id: '78b5db6b637b3f0f01a36a704c02d05c') in 0.0196479 seconds
Number of updated asset objects reloaded before import = 0Number of asset objects unloaded after import = 2

========================================================================
Received Import Request.
  Time since last request: 0.326051 seconds.
  path: Assets/Material/Materials/aiStandardSurface2interieurrose.mat
  artifactKey: Guid(a1a214131872d8b4b8854d4ccb074e9b) Importer(815301076,1909f56bfc062723c751e8b465ee728b)
Start importing Assets/Material/Materials/aiStandardSurface2interieurrose.mat using Guid(a1a214131872d8b4b8854d4ccb074e9b) Importer(815301076,1909f56bfc062723c751e8b465ee728b) (PreviewImporter) -> (artifact id: 'cb34a6efe268e378249692eb0414d977') in 0.0206523 seconds
Number of updated asset objects reloaded before import = 0Number of asset objects unloaded after import = 1

========================================================================
Received Import Request.
  Time since last request: 0.000029 seconds.
  path: Assets/Material/Materials/aiStandardSurface2interieurvert.mat
  artifactKey: Guid(cadb2d7b022e9704685a74fea28cb9f6) Importer(815301076,1909f56bfc062723c751e8b465ee728b)
Start importing Assets/Material/Materials/aiStandardSurface2interieurvert.mat using Guid(cadb2d7b022e9704685a74fea28cb9f6) Importer(815301076,1909f56bfc062723c751e8b465ee728b) (PreviewImporter) -> (artifact id: '7647b8bfce5bce59b851e3c92f71926a') in 0.0226701 seconds
Number of updated asset objects reloaded before import = 0Number of asset objects unloaded after import = 1

========================================================================
Received Import Request.
  Time since last request: 0.000035 seconds.
  path: Assets/Material/Materials/atlass_1_1.mat
  artifactKey: Guid(86e4c6534f44af747b5ffa818a5eb5fa) Importer(815301076,1909f56bfc062723c751e8b465ee728b)
Start importing Assets/Material/Materials/atlass_1_1.mat using Guid(86e4c6534f44af747b5ffa818a5eb5fa) Importer(815301076,1909f56bfc062723c751e8b465ee728b) (PreviewImporter) -> (artifact id: '473908c241a8ef5bd1feea08f7e5dfc2') in 0.0238525 seconds
Number of updated asset objects reloaded before import = 0Number of asset objects unloaded after import = 1

========================================================================
Received Import Request.
  Time since last request: 2.068310 seconds.
  path: Assets/Decor/alien nature/source/Polygonal Alien Cave Nature Asset Package/Materials/atlass_1_diffuse.mat
  artifactKey: Guid(cf460acf898154b4a8c5094464c084d4) Importer(815301076,1909f56bfc062723c751e8b465ee728b)
Start importing Assets/Decor/alien nature/source/Polygonal Alien Cave Nature Asset Package/Materials/atlass_1_diffuse.mat using Guid(cf460acf898154b4a8c5094464c084d4) Importer(815301076,1909f56bfc062723c751e8b465ee728b) (PreviewImporter) -> (artifact id: 'c0f605c413e9a01f54aab5039b2572d5') in 0.0388185 seconds
Number of updated asset objects reloaded before import = 0Number of asset objects unloaded after import = 2

========================================================================
Received Import Request.
  Time since last request: 0.000027 seconds.
  path: Assets/Samples/XR Hands/1.5.1/Gestures/Debug Tools/Materials/Background.mat
  artifactKey: Guid(209bad0ea20ee1642942ed8c9c45e3a5) Importer(815301076,1909f56bfc062723c751e8b465ee728b)
Start importing Assets/Samples/XR Hands/1.5.1/Gestures/Debug Tools/Materials/Background.mat using Guid(209bad0ea20ee1642942ed8c9c45e3a5) Importer(815301076,1909f56bfc062723c751e8b465ee728b) (PreviewImporter) -> (artifact id: 'e652a43bad5d2fa6848cd33b72e020f6') in 0.0324976 seconds
Number of updated asset objects reloaded before import = 0Number of asset objects unloaded after import = 1

========================================================================
Received Import Request.
  Time since last request: 0.293638 seconds.
  path: Assets/Samples/XR Hands/1.5.1/Gestures/Debug Tools/Materials/Bar.mat
  artifactKey: Guid(c4f565c9a73fdc040bb018837a1727ad) Importer(815301076,1909f56bfc062723c751e8b465ee728b)
Start importing Assets/Samples/XR Hands/1.5.1/Gestures/Debug Tools/Materials/Bar.mat using Guid(c4f565c9a73fdc040bb018837a1727ad) Importer(815301076,1909f56bfc062723c751e8b465ee728b) (PreviewImporter) -> (artifact id: '1ecaceb92da261b5dd2cc98394123e38') in 0.0193085 seconds
Number of updated asset objects reloaded before import = 0Number of asset objects unloaded after import = 1

========================================================================
Received Import Request.
  Time since last request: 0.000027 seconds.
  path: Assets/Material/Materials/Bleu.mat
  artifactKey: Guid(d3abdd5c6e3a31340b4847cfd7a07083) Importer(815301076,1909f56bfc062723c751e8b465ee728b)
Start importing Assets/Material/Materials/Bleu.mat using Guid(d3abdd5c6e3a31340b4847cfd7a07083) Importer(815301076,1909f56bfc062723c751e8b465ee728b) (PreviewImporter) -> (artifact id: 'c74cc663602f8761f681e404bf1b23d2') in 0.0247945 seconds
Number of updated asset objects reloaded before import = 0Number of asset objects unloaded after import = 1

========================================================================
Received Import Request.
  Time since last request: 0.000044 seconds.
  path: Assets/Material/Materials/blinn1.mat
  artifactKey: Guid(272bb7831ce659544988488b002744b3) Importer(815301076,1909f56bfc062723c751e8b465ee728b)
Start importing Assets/Material/Materials/blinn1.mat using Guid(272bb7831ce659544988488b002744b3) Importer(815301076,1909f56bfc062723c751e8b465ee728b) (PreviewImporter) -> (artifact id: 'c3fb3086aecb614a7b315fdf28ee2467') in 0.0700215 seconds
Number of updated asset objects reloaded before import = 0Number of asset objects unloaded after import = 4

========================================================================
Received Import Request.
  Time since last request: 0.000053 seconds.
  path: Assets/Material/Materials/blinn2.mat
  artifactKey: Guid(0672a6f3764f99848a43414f642b9cac) Importer(815301076,1909f56bfc062723c751e8b465ee728b)
Start importing Assets/Material/Materials/blinn2.mat using Guid(0672a6f3764f99848a43414f642b9cac) Importer(815301076,1909f56bfc062723c751e8b465ee728b) (PreviewImporter) -> (artifact id: '3812e0411b5032c440be86f20d5e9f3a') in 0.0228818 seconds
Number of updated asset objects reloaded before import = 0Number of asset objects unloaded after import = 1

========================================================================
Received Import Request.
  Time since last request: 0.000046 seconds.
  path: Assets/Material/Materials/blinn3.mat
  artifactKey: Guid(92e9efac04c866d4fa55d55d3bda9bc8) Importer(815301076,1909f56bfc062723c751e8b465ee728b)
Start importing Assets/Material/Materials/blinn3.mat using Guid(92e9efac04c866d4fa55d55d3bda9bc8) Importer(815301076,1909f56bfc062723c751e8b465ee728b) (PreviewImporter) -> (artifact id: '2304b03fa795d741810c6eba54683834') in 0.0274923 seconds
Number of updated asset objects reloaded before import = 0Number of asset objects unloaded after import = 2

========================================================================
Received Import Request.
  Time since last request: 0.515366 seconds.
  path: Assets/Samples/XR Hands/1.6.2/HandVisualizer/Materials/Blue.mat
  artifactKey: Guid(7b26add94f09dc44fb811013f007a3aa) Importer(815301076,1909f56bfc062723c751e8b465ee728b)
Start importing Assets/Samples/XR Hands/1.6.2/HandVisualizer/Materials/Blue.mat using Guid(7b26add94f09dc44fb811013f007a3aa) Importer(815301076,1909f56bfc062723c751e8b465ee728b) (PreviewImporter) -> (artifact id: '1a3fd2e111b901d7974e1efe3b98509e') in 3.2663655 seconds
Number of updated asset objects reloaded before import = 0Number of asset objects unloaded after import = 1

========================================================================
Received Import Request.
  Time since last request: 1.430386 seconds.
  path: Assets/Material/Materials/lapin/bunny1_face_body.mat
  artifactKey: Guid(26006a836e2bb124fbde14e2a77f478f) Importer(815301076,1909f56bfc062723c751e8b465ee728b)
Start importing Assets/Material/Materials/lapin/bunny1_face_body.mat using Guid(26006a836e2bb124fbde14e2a77f478f) Importer(815301076,1909f56bfc062723c751e8b465ee728b) (PreviewImporter) -> (artifact id: '5019d88a5f0deeddf51d9696d1b65928') in 0.0090947 seconds
Number of updated asset objects reloaded before import = 0Number of asset objects unloaded after import = 1

========================================================================
Received Import Request.
  Time since last request: 0.000032 seconds.
  path: Assets/Material/Materials/lapin/bunny1_white.mat
  artifactKey: Guid(17118b0136d9c294c90b9c0c170b2e67) Importer(815301076,1909f56bfc062723c751e8b465ee728b)
Start importing Assets/Material/Materials/lapin/bunny1_white.mat using Guid(17118b0136d9c294c90b9c0c170b2e67) Importer(815301076,1909f56bfc062723c751e8b465ee728b) (PreviewImporter) -> (artifact id: '8da463b65736ea1f1e26fcd24e2578b7') in 0.0085194 seconds
Number of updated asset objects reloaded before import = 0Number of asset objects unloaded after import = 1

========================================================================
Received Import Request.
  Time since last request: 1.367153 seconds.
  path: Assets/Material/Materials/lapin/bunny2_scraf.mat
  artifactKey: Guid(284f1265e5919fc4782413deaec3f59a) Importer(815301076,1909f56bfc062723c751e8b465ee728b)
Start importing Assets/Material/Materials/lapin/bunny2_scraf.mat using Guid(284f1265e5919fc4782413deaec3f59a) Importer(815301076,1909f56bfc062723c751e8b465ee728b) (PreviewImporter) -> (artifact id: '23534f0491026a925b3bdf97c257ef6b') in 0.0081045 seconds
Number of updated asset objects reloaded before import = 0Number of asset objects unloaded after import = 1

========================================================================
Received Import Request.
  Time since last request: 0.452742 seconds.
  path: Assets/Material/Materials/lapin/bunny_eyes.mat
  artifactKey: Guid(a9c27389f99fbbe4d84934719c125692) Importer(815301076,1909f56bfc062723c751e8b465ee728b)
Start importing Assets/Material/Materials/lapin/bunny_eyes.mat using Guid(a9c27389f99fbbe4d84934719c125692) Importer(815301076,1909f56bfc062723c751e8b465ee728b) (PreviewImporter) -> (artifact id: '44c546439595e7cc5e033dd88238849a') in 0.0099025 seconds
Number of updated asset objects reloaded before import = 0Number of asset objects unloaded after import = 1

========================================================================
Received Import Request.
  Time since last request: 0.010162 seconds.
  path: Assets/Samples/XR Interaction Toolkit/3.0.8/Hands Interaction Demo/HandsDemoSceneAssets/Materials/Chrome.mat
  artifactKey: Guid(2edb876ca20f6ea40b4ebb61f96f1df1) Importer(815301076,1909f56bfc062723c751e8b465ee728b)
Start importing Assets/Samples/XR Interaction Toolkit/3.0.8/Hands Interaction Demo/HandsDemoSceneAssets/Materials/Chrome.mat using Guid(2edb876ca20f6ea40b4ebb61f96f1df1) Importer(815301076,1909f56bfc062723c751e8b465ee728b) (PreviewImporter) -> (artifact id: '50cedc8aac339931f02b692802462eda') in 0.0215471 seconds
Number of updated asset objects reloaded before import = 0Number of asset objects unloaded after import = 1

========================================================================
Received Import Request.
  Time since last request: 0.918006 seconds.
  path: Assets/Decor/Planets of the Solar System 3D/Textures/FX/Materials/Cloud.mat
  artifactKey: Guid(f253812a5e7f20a4caf3ee64cae77143) Importer(815301076,1909f56bfc062723c751e8b465ee728b)
Start importing Assets/Decor/Planets of the Solar System 3D/Textures/FX/Materials/Cloud.mat using Guid(f253812a5e7f20a4caf3ee64cae77143) Importer(815301076,1909f56bfc062723c751e8b465ee728b) (PreviewImporter) -> (artifact id: '07305e4d8186c58497de16139dba7b75') in 0.0184258 seconds
Number of updated asset objects reloaded before import = 0Number of asset objects unloaded after import = 1

========================================================================
Received Import Request.
  Time since last request: 0.006174 seconds.
  path: Assets/Samples/XR Interaction Toolkit/3.2.1/Starter Assets/DemoSceneAssets/Materials/Concrete Grey.mat
  artifactKey: Guid(842f1b88643f1bb458ba6243088e344e) Importer(815301076,1909f56bfc062723c751e8b465ee728b)
Start importing Assets/Samples/XR Interaction Toolkit/3.2.1/Starter Assets/DemoSceneAssets/Materials/Concrete Grey.mat using Guid(842f1b88643f1bb458ba6243088e344e) Importer(815301076,1909f56bfc062723c751e8b465ee728b) (PreviewImporter) -> (artifact id: 'f41efa6440c61f98246fcc3f541a0051') in 4.5150228 seconds
Number of updated asset objects reloaded before import = 0Number of asset objects unloaded after import = 3

========================================================================
Received Import Request.
  Time since last request: 0.000033 seconds.
  path: Assets/Samples/XR Interaction Toolkit/3.2.1/Starter Assets/Materials/Flat Blue.mat
  artifactKey: Guid(91ff3830fc4055a4fb0d0d2be32101a7) Importer(815301076,1909f56bfc062723c751e8b465ee728b)
Start importing Assets/Samples/XR Interaction Toolkit/3.2.1/Starter Assets/Materials/Flat Blue.mat using Guid(91ff3830fc4055a4fb0d0d2be32101a7) Importer(815301076,1909f56bfc062723c751e8b465ee728b) (PreviewImporter) -> (artifact id: 'ddf724cd76377bf4cd6922be276db39a') in 0.0273298 seconds
Number of updated asset objects reloaded before import = 0Number of asset objects unloaded after import = 1

========================================================================
Received Import Request.
  Time since last request: 0.000053 seconds.
  path: Assets/Samples/XR Interaction Toolkit/3.0.8/Hands Interaction Demo/Materials/DepthOnly.mat
  artifactKey: Guid(455ef821a5429de4baeed61fa958acbc) Importer(815301076,1909f56bfc062723c751e8b465ee728b)
Start importing Assets/Samples/XR Interaction Toolkit/3.0.8/Hands Interaction Demo/Materials/DepthOnly.mat using Guid(455ef821a5429de4baeed61fa958acbc) Importer(815301076,1909f56bfc062723c751e8b465ee728b) (PreviewImporter) -> (artifact id: '574212de00c247697d5f9bd801c72c9a') in 0.0509097 seconds
Number of updated asset objects reloaded before import = 0Number of asset objects unloaded after import = 1

========================================================================
Received Import Request.
  Time since last request: 0.000029 seconds.
  path: Assets/Samples/XR Interaction Toolkit/3.2.1/Starter Assets/Materials/FresnelHighlight.mat
  artifactKey: Guid(f5ccd52dc494e054fbe7d7161dcabe25) Importer(815301076,1909f56bfc062723c751e8b465ee728b)
Start importing Assets/Samples/XR Interaction Toolkit/3.2.1/Starter Assets/Materials/FresnelHighlight.mat using Guid(f5ccd52dc494e054fbe7d7161dcabe25) Importer(815301076,1909f56bfc062723c751e8b465ee728b) (PreviewImporter) -> (artifact id: '6a7ce3ca02a3ae7e6ac8196a0f5e4fd6') in 0.0548601 seconds
Number of updated asset objects reloaded before import = 0Number of asset objects unloaded after import = 6

========================================================================
Received Import Request.
  Time since last request: 0.000040 seconds.
  path: Assets/Particules/NoteExcellent/Etoile.mat
  artifactKey: Guid(3e22e8e91c67aab4c8d86d84a03a10a3) Importer(815301076,1909f56bfc062723c751e8b465ee728b)
Start importing Assets/Particules/NoteExcellent/Etoile.mat using Guid(3e22e8e91c67aab4c8d86d84a03a10a3) Importer(815301076,1909f56bfc062723c751e8b465ee728b) (PreviewImporter) -> (artifact id: '952826df9e1821ef4c176296f3bd4411') in 0.0451538 seconds
Number of updated asset objects reloaded before import = 0Number of asset objects unloaded after import = 2

========================================================================
Received Import Request.
  Time since last request: 0.000058 seconds.
  path: Assets/Samples/XR Interaction Toolkit/3.0.8/Hands Interaction Demo/HandsDemoSceneAssets/Materials/Controls_Black.mat
  artifactKey: Guid(f95c205049f12cc4cb5bd57dbded286c) Importer(815301076,1909f56bfc062723c751e8b465ee728b)
Start importing Assets/Samples/XR Interaction Toolkit/3.0.8/Hands Interaction Demo/HandsDemoSceneAssets/Materials/Controls_Black.mat using Guid(f95c205049f12cc4cb5bd57dbded286c) Importer(815301076,1909f56bfc062723c751e8b465ee728b) (PreviewImporter) -> (artifact id: 'aad36788947d9a023a1d68bd4a6fe9a0') in 0.0250091 seconds
Number of updated asset objects reloaded before import = 0Number of asset objects unloaded after import = 1

========================================================================
Received Import Request.
  Time since last request: 0.000032 seconds.
  path: Assets/Particules/Fog/Fog.mat
  artifactKey: Guid(468ae8a3af7cfd94fafbc22f80e90b1d) Importer(815301076,1909f56bfc062723c751e8b465ee728b)
Start importing Assets/Particules/Fog/Fog.mat using Guid(468ae8a3af7cfd94fafbc22f80e90b1d) Importer(815301076,1909f56bfc062723c751e8b465ee728b) (PreviewImporter) -> (artifact id: '1e8ca915b596b7d31e31fd73024284b3') in 0.0506419 seconds
Number of updated asset objects reloaded before import = 0Number of asset objects unloaded after import = 2

========================================================================
Received Import Request.
  Time since last request: 3.200192 seconds.
  path: Assets/Decor/alien nature/source/Polygonal Alien Cave Nature Asset Package/Materials/ground_1_diffuse.mat
  artifactKey: Guid(a2c9458118c789e4d98bf0317c6ea41e) Importer(815301076,1909f56bfc062723c751e8b465ee728b)
Start importing Assets/Decor/alien nature/source/Polygonal Alien Cave Nature Asset Package/Materials/ground_1_diffuse.mat using Guid(a2c9458118c789e4d98bf0317c6ea41e) Importer(815301076,1909f56bfc062723c751e8b465ee728b) (PreviewImporter) -> (artifact id: '2e74875c980d3f0444e89e450a7b119f') in 0.0253641 seconds
Number of updated asset objects reloaded before import = 0Number of asset objects unloaded after import = 2

========================================================================
Received Import Request.
  Time since last request: 0.000034 seconds.
  path: Assets/Samples/XR Hands/1.6.2/HandVisualizer/Materials/HandsDefaultMaterial.mat
  artifactKey: Guid(613690cd962241049a0ec289a6ff835e) Importer(815301076,1909f56bfc062723c751e8b465ee728b)
Start importing Assets/Samples/XR Hands/1.6.2/HandVisualizer/Materials/HandsDefaultMaterial.mat using Guid(613690cd962241049a0ec289a6ff835e) Importer(815301076,1909f56bfc062723c751e8b465ee728b) (PreviewImporter) -> (artifact id: 'b175bf6020035b420088f065ea3724d8') in 0.0225226 seconds
Number of updated asset objects reloaded before import = 0Number of asset objects unloaded after import = 1

========================================================================
Received Import Request.
  Time since last request: 1.545414 seconds.
  path: Assets/Samples/XR Interaction Toolkit/3.2.1/Starter Assets/Shaders/Interactable.shadergraph
  artifactKey: Guid(0927d29e476ce5843b1f7d2a96943c51) Importer(815301076,1909f56bfc062723c751e8b465ee728b)
Start importing Assets/Samples/XR Interaction Toolkit/3.2.1/Starter Assets/Shaders/Interactable.shadergraph using Guid(0927d29e476ce5843b1f7d2a96943c51) Importer(815301076,1909f56bfc062723c751e8b465ee728b) (PreviewImporter) -> (artifact id: '56ef59a9f16221d4bf450f6de5e51c04') in 4.4597822 seconds
Number of updated asset objects reloaded before import = 0Number of asset objects unloaded after import = 5

========================================================================
Received Import Request.
  Time since last request: 0.000035 seconds.
  path: Assets/Material/Materials/Mat.1.mat
  artifactKey: Guid(4d4604bc1ce4b2341aaaa42e448f8bfb) Importer(815301076,1909f56bfc062723c751e8b465ee728b)
Start importing Assets/Material/Materials/Mat.1.mat using Guid(4d4604bc1ce4b2341aaaa42e448f8bfb) Importer(815301076,1909f56bfc062723c751e8b465ee728b) (PreviewImporter) -> (artifact id: '935d36b145f467f42143a49eedb74ddb') in 0.0220423 seconds
Number of updated asset objects reloaded before import = 0Number of asset objects unloaded after import = 1

========================================================================
Received Import Request.
  Time since last request: 0.500811 seconds.
  path: Assets/Material/Materials/Material.002.mat
  artifactKey: Guid(9abff4c3df1263843bff13d71ab6ec29) Importer(815301076,1909f56bfc062723c751e8b465ee728b)
Start importing Assets/Material/Materials/Material.002.mat using Guid(9abff4c3df1263843bff13d71ab6ec29) Importer(815301076,1909f56bfc062723c751e8b465ee728b) (PreviewImporter) -> (artifact id: 'ae1031e114e46083a18eb4d9b9e4ddb6') in 0.0194313 seconds
Number of updated asset objects reloaded before import = 0Number of asset objects unloaded after import = 1

========================================================================
Received Import Request.
  Time since last request: 0.487658 seconds.
  path: Assets/Decor/Planets of the Solar System 3D/Geometry/Ring.fbx
  artifactKey: Guid(8aa4a8814028a42fea37772e41f89781) Importer(815301076,1909f56bfc062723c751e8b465ee728b)
Start importing Assets/Decor/Planets of the Solar System 3D/Geometry/Ring.fbx using Guid(8aa4a8814028a42fea37772e41f89781) Importer(815301076,1909f56bfc062723c751e8b465ee728b) (PreviewImporter) -> (artifact id: 'd27ec310f5910ce5eaf49ba048bcab78') in 0.0730061 seconds
Number of updated asset objects reloaded before import = 0Number of asset objects unloaded after import = 8

========================================================================
Received Import Request.
  Time since last request: 0.178121 seconds.
  path: Assets/Particules/Materials/ParticleCloudWhite 1.mat
  artifactKey: Guid(08e68bf2d23b24c46a25c2bbf8996731) Importer(815301076,1909f56bfc062723c751e8b465ee728b)
Start importing Assets/Particules/Materials/ParticleCloudWhite 1.mat using Guid(08e68bf2d23b24c46a25c2bbf8996731) Importer(815301076,1909f56bfc062723c751e8b465ee728b) (PreviewImporter) -> (artifact id: '53e23988960b224c29c1e27a3ede72c8') in 0.0354853 seconds
Number of updated asset objects reloaded before import = 0Number of asset objects unloaded after import = 2

========================================================================
Received Import Request.
  Time since last request: 4.754240 seconds.
  path: Assets/Particules/Materials/ParticleCloudWhite 4.mat
  artifactKey: Guid(f7482edf9688db3439728d21843c7182) Importer(815301076,1909f56bfc062723c751e8b465ee728b)
Start importing Assets/Particules/Materials/ParticleCloudWhite 4.mat using Guid(f7482edf9688db3439728d21843c7182) Importer(815301076,1909f56bfc062723c751e8b465ee728b) (PreviewImporter) -> (artifact id: '04130b27033c0ce7b511a6fc2bcf9be1') in 0.0186546 seconds
Number of updated asset objects reloaded before import = 0Number of asset objects unloaded after import = 2

========================================================================
Received Import Request.
  Time since last request: 0.578902 seconds.
  path: Assets/Samples/XR Hands/1.6.2/HandVisualizer/Materials/Red.mat
  artifactKey: Guid(55fa12dc7870f1e46b6a7f8617949a86) Importer(815301076,1909f56bfc062723c751e8b465ee728b)
Start importing Assets/Samples/XR Hands/1.6.2/HandVisualizer/Materials/Red.mat using Guid(55fa12dc7870f1e46b6a7f8617949a86) Importer(815301076,1909f56bfc062723c751e8b465ee728b) (PreviewImporter) -> (artifact id: '2b0fca1e529dffae82c49e079b44a682') in 0.0226507 seconds
Number of updated asset objects reloaded before import = 0Number of asset objects unloaded after import = 1

========================================================================
Received Import Request.
  Time since last request: 0.067920 seconds.
  path: Assets/Material/Materials/Rouge.mat
  artifactKey: Guid(ca05268fa601e46449bf682419490089) Importer(815301076,1909f56bfc062723c751e8b465ee728b)
Start importing Assets/Material/Materials/Rouge.mat using Guid(ca05268fa601e46449bf682419490089) Importer(815301076,1909f56bfc062723c751e8b465ee728b) (PreviewImporter) -> (artifact id: '6653a9af950c2871caaa77a235d5c1b1') in 0.0194555 seconds
Number of updated asset objects reloaded before import = 0Number of asset objects unloaded after import = 1

========================================================================
Received Import Request.
  Time since last request: 1.041442 seconds.
  path: Assets/Decor/tour/tour.0001.mb
  artifactKey: Guid(dbdf436f283d5774986c66736ee74cbe) Importer(815301076,1909f56bfc062723c751e8b465ee728b)
Start importing Assets/Decor/tour/tour.0001.mb using Guid(dbdf436f283d5774986c66736ee74cbe) Importer(815301076,1909f56bfc062723c751e8b465ee728b) (PreviewImporter) -> (artifact id: '4d49c5a3e5742cd19adb034494b1646c') in 3.491377 seconds
Number of updated asset objects reloaded before import = 0Number of asset objects unloaded after import = 50

========================================================================
Received Import Request.
  Time since last request: 0.186809 seconds.
  path: Assets/Samples/XR Interaction Toolkit/3.2.1/Starter Assets/Shaders/Unlit_ShaderGraph.shadergraph
  artifactKey: Guid(740445f1490c01e4b8feacf8d9ab5e7f) Importer(815301076,1909f56bfc062723c751e8b465ee728b)
Start importing Assets/Samples/XR Interaction Toolkit/3.2.1/Starter Assets/Shaders/Unlit_ShaderGraph.shadergraph using Guid(740445f1490c01e4b8feacf8d9ab5e7f) Importer(815301076,1909f56bfc062723c751e8b465ee728b) (PreviewImporter) -> (artifact id: '31d4e4182138d7e3a6841ba45c601c56') in 0.5371352 seconds
Number of updated asset objects reloaded before import = 0Number of asset objects unloaded after import = 6

========================================================================
Received Import Request.
  Time since last request: 0.723412 seconds.
  path: Assets/Decor/Planets of the Solar System 3D/Materials/URP_Earth_Lod.mat
  artifactKey: Guid(57efe82f80f0e41ceba1f93b5c0054e4) Importer(815301076,1909f56bfc062723c751e8b465ee728b)
Start importing Assets/Decor/Planets of the Solar System 3D/Materials/URP_Earth_Lod.mat using Guid(57efe82f80f0e41ceba1f93b5c0054e4) Importer(815301076,1909f56bfc062723c751e8b465ee728b) (PreviewImporter) -> (artifact id: 'bbdf031f17926c298fd8d18893995bda') in 3.9953415 seconds
Number of updated asset objects reloaded before import = 0Number of asset objects unloaded after import = 6

========================================================================
Received Import Request.
  Time since last request: 0.000034 seconds.
  path: Assets/Decor/Planets of the Solar System 3D/Materials/URP_Sun_Smoke.mat
  artifactKey: Guid(6a153e0b17949482b8dc5f75d33fce33) Importer(815301076,1909f56bfc062723c751e8b465ee728b)
Start importing Assets/Decor/Planets of the Solar System 3D/Materials/URP_Sun_Smoke.mat using Guid(6a153e0b17949482b8dc5f75d33fce33) Importer(815301076,1909f56bfc062723c751e8b465ee728b) (PreviewImporter) -> (artifact id: '7ba1c64868bf8ac0809e5eff144d600f') in 0.0448775 seconds
Number of updated asset objects reloaded before import = 0Number of asset objects unloaded after import = 3

========================================================================
Received Import Request.
  Time since last request: 0.000039 seconds.
  path: Assets/Decor/Planets of the Solar System 3D/Materials/URP_Venus_2k.mat
  artifactKey: Guid(58cb1c700baee41b683c8a01e77d0619) Importer(815301076,1909f56bfc062723c751e8b465ee728b)
Start importing Assets/Decor/Planets of the Solar System 3D/Materials/URP_Venus_2k.mat using Guid(58cb1c700baee41b683c8a01e77d0619) Importer(815301076,1909f56bfc062723c751e8b465ee728b) (PreviewImporter) -> (artifact id: '87be8bc109132279fa2f2b3f84ba8aa7') in 0.0393011 seconds
Number of updated asset objects reloaded before import = 0Number of asset objects unloaded after import = 6

========================================================================
Received Import Request.
  Time since last request: 0.218353 seconds.
  path: Assets/Material/Materials/Vert.mat
  artifactKey: Guid(bc0276278441e5d4fa3d0d64c30d9135) Importer(815301076,1909f56bfc062723c751e8b465ee728b)
Start importing Assets/Material/Materials/Vert.mat using Guid(bc0276278441e5d4fa3d0d64c30d9135) Importer(815301076,1909f56bfc062723c751e8b465ee728b) (PreviewImporter) -> (artifact id: '314fa617999d24e1344d8274be4e257f') in 0.0221106 seconds
Number of updated asset objects reloaded before import = 0Number of asset objects unloaded after import = 1

========================================================================
Received Import Request.
  Time since last request: 0.733523 seconds.
  path: Assets/Material/Materials/ZoneExcellent.mat
  artifactKey: Guid(8f346c4ee652bc94fb1bb85b2e6b5b3f) Importer(815301076,1909f56bfc062723c751e8b465ee728b)
Start importing Assets/Material/Materials/ZoneExcellent.mat using Guid(8f346c4ee652bc94fb1bb85b2e6b5b3f) Importer(815301076,1909f56bfc062723c751e8b465ee728b) (PreviewImporter) -> (artifact id: 'd18735c1465578e64c95f5584e55d0f9') in 3.2897387 seconds
Number of updated asset objects reloaded before import = 0Number of asset objects unloaded after import = 1

